[2026-04-01 21:30:53][INFO] 日志已截断，仅保留最后 1000 行
[2026-04-01 21:30:53][INFO] 开始读取配置文件 => /mnt/user/Hdd_Disk_Share/脚本日志/chmlfrp/userdata.txt
[2026-04-01 21:30:53][INFO] 日志已截断，仅保留最后 1000 行
[2026-04-01 21:30:54][SUCCESS] 读取配置成功：
[2026-04-01 21:30:54][INFO] 日志已截断，仅保留最后 1000 行
[2026-04-01 21:30:54][INFO]   - ChmlFrp: username=ashanzzz, token前5位=E3g7Q...
[2026-04-01 21:30:54][INFO] 日志已截断，仅保留最后 1000 行
[2026-04-01 21:30:54][INFO]   - Cloudflare: email=zeros@vip.qq.qom, token前5位=0Emhd..., zone_id=9635e4672ef9d6cc76f8e624514d3bc8
[2026-04-01 21:30:54][INFO] 日志已截断，仅保留最后 1000 行
[2026-04-01 21:30:54][SUCCESS] 步骤一：读取全局配置完成
[2026-04-01 21:30:54][INFO] 日志已截断，仅保留最后 1000 行
[2026-04-01 21:30:54][INFO] 跳过前置 mtime/在线测试/frpc 日志检查：DNS_ONLY=false, CLEAN_INVALID_ONLY=false, FORCE_RUN=true
[2026-04-01 21:30:54][INFO] 日志已截断，仅保留最后 1000 行
[2026-04-01 21:30:54][INFO] 检查 JSON 文件: /mnt/user/Hdd_Disk_Share/脚本日志/chmlfrp/chmlfrp用户详情.txt
[2026-04-01 21:30:54][INFO] 日志已截断，仅保留最后 1000 行
[2026-04-01 21:30:54][SUCCESS] JSON 文件校验通过: /mnt/user/Hdd_Disk_Share/脚本日志/chmlfrp/chmlfrp用户详情.txt
[2026-04-01 21:30:54][INFO] 日志已截断，仅保留最后 1000 行
[2026-04-01 21:30:54][INFO] 读取 ChmlFrp 用户详情 => /mnt/user/Hdd_Disk_Share/脚本日志/chmlfrp/chmlfrp用户详情.txt
[2026-04-01 21:30:54][INFO] 日志已截断，仅保留最后 1000 行
[2026-04-01 21:30:54][SUCCESS] 解析到用户 ID => CHMLFRP_USERID=7584
[2026-04-01 21:30:54][INFO] 日志已截断，仅保留最后 1000 行
[2026-04-01 21:30:54][SUCCESS] 步骤三：解析 CHMLFRP_USERID 完成 => 7584
[2026-04-01 21:30:54][INFO] 日志已截断，仅保留最后 1000 行
[2026-04-01 21:30:54][INFO] 读取 FRPC 配置 => /mnt/user/appdata/frpc/frpc.toml
[2026-04-01 21:30:54][INFO] 日志已截断，仅保留最后 1000 行
[2026-04-01 21:30:54][INFO] 读取到当前节点 IP => 39.96.176.191
[2026-04-01 21:30:54][INFO] 日志已截断，仅保留最后 1000 行
[2026-04-01 21:30:54][SUCCESS] 步骤四：当前 frpc 节点 IP = 39.96.176.191
[2026-04-01 21:30:54][INFO] 日志已截断，仅保留最后 1000 行
[2026-04-01 21:30:54][INFO] 读取固定隧道配置（新版字段）: /mnt/user/Hdd_Disk_Share/脚本日志/chmlfrp/fixed_tunnels.txt
[2026-04-01 21:30:54][INFO] 日志已截断，仅保留最后 1000 行
[2026-04-01 21:30:54][INFO] 检查 JSON 文件: /mnt/user/Hdd_Disk_Share/脚本日志/chmlfrp/fixed_tunnels.txt
[2026-04-01 21:30:54][INFO] 日志已截断，仅保留最后 1000 行
[2026-04-01 21:30:54][SUCCESS] JSON 文件校验通过: /mnt/user/Hdd_Disk_Share/脚本日志/chmlfrp/fixed_tunnels.txt
[2026-04-01 21:30:54][INFO] 日志已截断，仅保留最后 1000 行
[2026-04-01 21:31:02][SUCCESS] 固定隧道读取完成 => 总数=14 => 标准化输出: /mnt/user/Hdd_Disk_Share/脚本日志/chmlfrp/临时-固定隧道标准化.json
[2026-04-01 21:31:02][INFO] 日志已截断，仅保留最后 1000 行
[2026-04-01 21:31:02][INFO] 固定隧道清单条目数: 14
[2026-04-01 21:31:02][INFO] 日志已截断，仅保留最后 1000 行
[2026-04-01 21:31:02][INFO] 获取 ChmlFrp 隧道列表 => /mnt/user/Hdd_Disk_Share/脚本日志/chmlfrp/chmlfrp隧道列表_raw.json
[2026-04-01 21:31:02][INFO] 日志已截断，仅保留最后 1000 行
[2026-04-01 21:31:02][INFO] 第 1 次尝试获取隧道列表...
[2026-04-01 21:31:02][INFO] 日志已截断，仅保留最后 1000 行
[2026-04-01 21:31:02][WARNING] 获取隧道列表失败 => code=401 => 无效的登录状态 => 重试...
[2026-04-01 21:31:02][INFO] 日志已截断，仅保留最后 1000 行
[2026-04-01 21:31:07][INFO] 第 2 次尝试获取隧道列表...
[2026-04-01 21:31:07][INFO] 日志已截断，仅保留最后 1000 行
[2026-04-01 21:31:08][WARNING] 获取隧道列表失败 => code=401 => 无效的登录状态 => 重试...
[2026-04-01 21:31:08][INFO] 日志已截断，仅保留最后 1000 行
[2026-04-01 21:31:13][INFO] 第 3 次尝试获取隧道列表...
[2026-04-01 21:31:13][INFO] 日志已截断，仅保留最后 1000 行
[2026-04-01 21:31:13][WARNING] 获取隧道列表失败 => code=401 => 无效的登录状态 => 重试...
[2026-04-01 21:31:13][INFO] 日志已截断，仅保留最后 1000 行
[2026-04-01 21:31:18][ERROR] 多次尝试获取隧道列表失败，视为当前无隧道
[2026-04-01 21:31:19][INFO] 日志已截断，仅保留最后 1000 行
[2026-04-01 21:31:19][WARNING] 获取隧道列表失败，将视为当前无隧道
[2026-04-01 21:31:19][INFO] 日志已截断，仅保留最后 1000 行
[2026-04-01 21:31:19][INFO] 当前 ChmlFrp 隧道列表为空 (0 条)
[2026-04-01 21:31:19][INFO] 日志已截断，仅保留最后 1000 行
[2026-04-01 21:31:19][INFO] 获取 Cloudflare DNS 列表 => /mnt/user/Hdd_Disk_Share/脚本日志/chmlfrp/cloudflare_dns_raw.json
[2026-04-01 21:31:19][INFO] 日志已截断，仅保留最后 1000 行
[2026-04-01 21:31:19][INFO] 第 1 次尝试获取 DNS 列表...
[2026-04-01 21:31:19][INFO] 日志已截断，仅保留最后 1000 行
[2026-04-01 21:31:20][SUCCESS] DNS 列表获取成功 => 写入 /mnt/user/Hdd_Disk_Share/脚本日志/chmlfrp/cloudflare_dns_raw.json
[2026-04-01 21:31:20][INFO] 日志已截断，仅保留最后 1000 行
[2026-04-01 21:31:20][INFO] 格式化 DNS 列表 => /mnt/user/Hdd_Disk_Share/脚本日志/chmlfrp/cloudflare_dns_格式化.json
[2026-04-01 21:31:20][INFO] 日志已截断，仅保留最后 1000 行
[2026-04-01 21:31:20][INFO] 格式化 DNS => name=1panel.335356119.xyz => dns_domain_cname=1panel
[2026-04-01 21:31:20][INFO] 日志已截断，仅保留最后 1000 行
[2026-04-01 21:31:20][INFO] 格式化 DNS => name=a.335356119.xyz => dns_domain_cname=a
[2026-04-01 21:31:20][INFO] 日志已截断，仅保留最后 1000 行
[2026-04-01 21:31:20][INFO] 格式化 DNS => name=abook.335356119.xyz => dns_domain_cname=abook
[2026-04-01 21:31:20][INFO] 日志已截断，仅保留最后 1000 行
[2026-04-01 21:31:21][INFO] 格式化 DNS => name=aiapi.335356119.xyz => dns_domain_cname=aiapi
[2026-04-01 21:31:21][INFO] 日志已截断，仅保留最后 1000 行
[2026-04-01 21:31:21][INFO] 格式化 DNS => name=aiweb.335356119.xyz => dns_domain_cname=aiweb
[2026-04-01 21:31:21][INFO] 日志已截断，仅保留最后 1000 行
[2026-04-01 21:31:21][INFO] 格式化 DNS => name=drive.335356119.xyz => dns_domain_cname=drive
[2026-04-01 21:31:21][INFO] 日志已截断，仅保留最后 1000 行
[2026-04-01 21:31:21][INFO] 格式化 DNS => name=dsm.335356119.xyz => dns_domain_cname=dsm
[2026-04-01 21:31:21][INFO] 日志已截断，仅保留最后 1000 行
[2026-04-01 21:31:21][INFO] 格式化 DNS => name=erpnext.335356119.xyz => dns_domain_cname=erpnext
[2026-04-01 21:31:21][INFO] 日志已截断，仅保留最后 1000 行
[2026-04-01 21:31:22][INFO] 格式化 DNS => name=n8n.335356119.xyz => dns_domain_cname=n8n
[2026-04-01 21:31:22][INFO] 日志已截断，仅保留最后 1000 行
[2026-04-01 21:31:22][INFO] 格式化 DNS => name=openclaw.335356119.xyz => dns_domain_cname=openclaw
[2026-04-01 21:31:22][INFO] 日志已截断，仅保留最后 1000 行
[2026-04-01 21:31:22][INFO] 格式化 DNS => name=openlist.335356119.xyz => dns_domain_cname=openlist
[2026-04-01 21:31:22][INFO] 日志已截断，仅保留最后 1000 行
[2026-04-01 21:31:22][INFO] 格式化 DNS => name=sun.335356119.xyz => dns_domain_cname=sun
[2026-04-01 21:31:22][INFO] 日志已截断，仅保留最后 1000 行
[2026-04-01 21:31:23][INFO] 格式化 DNS => name=todo.335356119.xyz => dns_domain_cname=todo
[2026-04-01 21:31:23][INFO] 日志已截断，仅保留最后 1000 行
[2026-04-01 21:31:23][INFO] 格式化 DNS => name=unraid.335356119.xyz => dns_domain_cname=unraid
[2026-04-01 21:31:23][INFO] 日志已截断，仅保留最后 1000 行
[2026-04-01 21:31:23][SUCCESS] DNS 格式化完成 => total=14 => /mnt/user/Hdd_Disk_Share/脚本日志/chmlfrp/cloudflare_dns_格式化.json
[2026-04-01 21:31:23][INFO] 日志已截断，仅保留最后 1000 行
[2026-04-01 21:31:23][SUCCESS] 步骤五：当前状态快照生成完成
[2026-04-01 21:31:23][INFO] 日志已截断，仅保留最后 1000 行
[2026-04-01 21:31:23][INFO] 步骤六：节点策略 => 使用指定节点（--node=[2026-04-01
[2026-04-01 21:31:23][INFO] 日志已截断，仅保留最后 1000 行
[2026-04-01 21:31:23][ERROR] 在节点文件中找不到指定节点名称 => [2026-04-01 21:30:53][ERROR] 没有可用在线节点（nodeinfo online + ping 稳定）
[2026-04-01 21:31:23][INFO] 日志已截断，仅保留最后 1000 行
[2026-04-01 21:31:23][ERROR] 步骤六：指定节点校验失败 => [2026-04-01 21:30:53][ERROR] 没有可用在线节点（nodeinfo online + ping 稳定）
[2026-04-01 21:31:23][INFO] 日志已截断，仅保留最后 1000 行
[2026-04-01 21:32:12][INFO] ========== ChmlFrp 新修复流程脚本启动 ==========
[2026-04-01 21:32:12][INFO] 日志已截断，仅保留最后 1000 行
[2026-04-01 21:32:12][INFO] 脚本路径: /mnt/user/Hdd_Disk_Share/脚本日志/chmlfrp/new_fix_flow.sh
[2026-04-01 21:32:12][INFO] 日志已截断，仅保留最后 1000 行
[2026-04-01 21:32:12][INFO] 当前时间: 2026-04-01 21:32:12, 主机 IP: 192.168.8.11
[2026-04-01 21:32:12][INFO] 日志已截断，仅保留最后 1000 行
[2026-04-01 21:32:12][INFO] 固定隧道文件将使用: /mnt/user/Hdd_Disk_Share/脚本日志/chmlfrp/fixed_tunnels.txt
[2026-04-01 21:32:12][INFO] 日志已截断，仅保留最后 1000 行
[2026-04-01 21:32:12][INFO] 开始读取配置文件 => /mnt/user/Hdd_Disk_Share/脚本日志/chmlfrp/userdata.txt
[2026-04-01 21:32:12][INFO] 日志已截断，仅保留最后 1000 行
[2026-04-01 21:32:12][SUCCESS] 读取配置成功：
[2026-04-01 21:32:12][INFO] 日志已截断，仅保留最后 1000 行
[2026-04-01 21:32:12][INFO]   - ChmlFrp: username=ashanzzz, token前5位=E3g7Q...
[2026-04-01 21:32:12][INFO] 日志已截断，仅保留最后 1000 行
[2026-04-01 21:32:12][INFO]   - Cloudflare: email=zeros@vip.qq.qom, token前5位=0Emhd..., zone_id=9635e4672ef9d6cc76f8e624514d3bc8
[2026-04-01 21:32:12][INFO] 日志已截断，仅保留最后 1000 行
[2026-04-01 21:32:12][SUCCESS] 步骤一：读取全局配置完成
[2026-04-01 21:32:12][INFO] 日志已截断，仅保留最后 1000 行
[2026-04-01 21:32:12][INFO] 跳过前置 mtime/在线测试/frpc 日志检查：DNS_ONLY=false, CLEAN_INVALID_ONLY=false, FORCE_RUN=true
[2026-04-01 21:32:12][INFO] 日志已截断，仅保留最后 1000 行
[2026-04-01 21:32:12][INFO] 检查 JSON 文件: /mnt/user/Hdd_Disk_Share/脚本日志/chmlfrp/chmlfrp用户详情.txt
[2026-04-01 21:32:12][INFO] 日志已截断，仅保留最后 1000 行
[2026-04-01 21:32:12][SUCCESS] JSON 文件校验通过: /mnt/user/Hdd_Disk_Share/脚本日志/chmlfrp/chmlfrp用户详情.txt
[2026-04-01 21:32:13][INFO] 日志已截断，仅保留最后 1000 行
[2026-04-01 21:32:13][INFO] 读取 ChmlFrp 用户详情 => /mnt/user/Hdd_Disk_Share/脚本日志/chmlfrp/chmlfrp用户详情.txt
[2026-04-01 21:32:13][INFO] 日志已截断，仅保留最后 1000 行
[2026-04-01 21:32:13][SUCCESS] 解析到用户 ID => CHMLFRP_USERID=7584
[2026-04-01 21:32:13][INFO] 日志已截断，仅保留最后 1000 行
[2026-04-01 21:32:13][SUCCESS] 步骤三：解析 CHMLFRP_USERID 完成 => 7584
[2026-04-01 21:32:13][INFO] 日志已截断，仅保留最后 1000 行
[2026-04-01 21:32:13][INFO] 读取 FRPC 配置 => /mnt/user/appdata/frpc/frpc.toml
[2026-04-01 21:32:13][INFO] 日志已截断，仅保留最后 1000 行
[2026-04-01 21:32:13][INFO] 读取到当前节点 IP => 39.96.176.191
[2026-04-01 21:32:13][INFO] 日志已截断，仅保留最后 1000 行
[2026-04-01 21:32:13][SUCCESS] 步骤四：当前 frpc 节点 IP = 39.96.176.191
[2026-04-01 21:32:13][INFO] 日志已截断，仅保留最后 1000 行
[2026-04-01 21:32:13][INFO] 读取固定隧道配置（新版字段）: /mnt/user/Hdd_Disk_Share/脚本日志/chmlfrp/fixed_tunnels.txt
[2026-04-01 21:32:13][INFO] 日志已截断，仅保留最后 1000 行
[2026-04-01 21:32:13][INFO] 检查 JSON 文件: /mnt/user/Hdd_Disk_Share/脚本日志/chmlfrp/fixed_tunnels.txt
[2026-04-01 21:32:13][INFO] 日志已截断，仅保留最后 1000 行
[2026-04-01 21:32:13][SUCCESS] JSON 文件校验通过: /mnt/user/Hdd_Disk_Share/脚本日志/chmlfrp/fixed_tunnels.txt
[2026-04-01 21:32:13][INFO] 日志已截断，仅保留最后 1000 行
[2026-04-01 21:32:20][SUCCESS] 固定隧道读取完成 => 总数=14 => 标准化输出: /mnt/user/Hdd_Disk_Share/脚本日志/chmlfrp/临时-固定隧道标准化.json
[2026-04-01 21:32:20][INFO] 日志已截断，仅保留最后 1000 行
[2026-04-01 21:32:20][INFO] 固定隧道清单条目数: 14
[2026-04-01 21:32:21][INFO] 日志已截断，仅保留最后 1000 行
[2026-04-01 21:32:21][INFO] 获取 ChmlFrp 隧道列表 => /mnt/user/Hdd_Disk_Share/脚本日志/chmlfrp/chmlfrp隧道列表_raw.json
[2026-04-01 21:32:21][INFO] 日志已截断，仅保留最后 1000 行
[2026-04-01 21:32:21][INFO] 第 1 次尝试获取隧道列表...
[2026-04-01 21:32:21][INFO] 日志已截断，仅保留最后 1000 行
[2026-04-01 21:32:21][WARNING] 获取隧道列表失败 => code=401 => 无效的登录状态 => 重试...
[2026-04-01 21:32:21][INFO] 日志已截断，仅保留最后 1000 行
[2026-04-01 21:32:26][INFO] 第 2 次尝试获取隧道列表...
[2026-04-01 21:32:26][INFO] 日志已截断，仅保留最后 1000 行
[2026-04-01 21:32:27][WARNING] 获取隧道列表失败 => code=401 => 无效的登录状态 => 重试...
[2026-04-01 21:32:27][INFO] 日志已截断，仅保留最后 1000 行
[2026-04-01 21:32:32][INFO] 第 3 次尝试获取隧道列表...
[2026-04-01 21:32:32][INFO] 日志已截断，仅保留最后 1000 行
[2026-04-01 21:32:32][WARNING] 获取隧道列表失败 => code=401 => 无效的登录状态 => 重试...
[2026-04-01 21:32:32][INFO] 日志已截断，仅保留最后 1000 行
[2026-04-01 21:32:37][ERROR] 多次尝试获取隧道列表失败，视为当前无隧道
[2026-04-01 21:32:37][INFO] 日志已截断，仅保留最后 1000 行
[2026-04-01 21:32:37][WARNING] 获取隧道列表失败，将视为当前无隧道
[2026-04-01 21:32:37][INFO] 日志已截断，仅保留最后 1000 行
[2026-04-01 21:32:37][INFO] 当前 ChmlFrp 隧道列表为空 (0 条)
[2026-04-01 21:32:37][INFO] 日志已截断，仅保留最后 1000 行
[2026-04-01 21:32:37][INFO] 获取 Cloudflare DNS 列表 => /mnt/user/Hdd_Disk_Share/脚本日志/chmlfrp/cloudflare_dns_raw.json
[2026-04-01 21:32:37][INFO] 日志已截断，仅保留最后 1000 行
[2026-04-01 21:32:37][INFO] 第 1 次尝试获取 DNS 列表...
[2026-04-01 21:32:37][INFO] 日志已截断，仅保留最后 1000 行
[2026-04-01 21:32:38][SUCCESS] DNS 列表获取成功 => 写入 /mnt/user/Hdd_Disk_Share/脚本日志/chmlfrp/cloudflare_dns_raw.json
[2026-04-01 21:32:38][INFO] 日志已截断，仅保留最后 1000 行
[2026-04-01 21:32:38][INFO] 格式化 DNS 列表 => /mnt/user/Hdd_Disk_Share/脚本日志/chmlfrp/cloudflare_dns_格式化.json
[2026-04-01 21:32:38][INFO] 日志已截断，仅保留最后 1000 行
[2026-04-01 21:32:39][INFO] 格式化 DNS => name=1panel.335356119.xyz => dns_domain_cname=1panel
[2026-04-01 21:32:39][INFO] 日志已截断，仅保留最后 1000 行
[2026-04-01 21:32:39][INFO] 格式化 DNS => name=a.335356119.xyz => dns_domain_cname=a
[2026-04-01 21:32:39][INFO] 日志已截断，仅保留最后 1000 行
[2026-04-01 21:32:39][INFO] 格式化 DNS => name=abook.335356119.xyz => dns_domain_cname=abook
[2026-04-01 21:32:39][INFO] 日志已截断，仅保留最后 1000 行
[2026-04-01 21:32:39][INFO] 格式化 DNS => name=aiapi.335356119.xyz => dns_domain_cname=aiapi
[2026-04-01 21:32:39][INFO] 日志已截断，仅保留最后 1000 行
[2026-04-01 21:32:40][INFO] 格式化 DNS => name=aiweb.335356119.xyz => dns_domain_cname=aiweb
[2026-04-01 21:32:40][INFO] 日志已截断，仅保留最后 1000 行
[2026-04-01 21:32:40][INFO] 格式化 DNS => name=drive.335356119.xyz => dns_domain_cname=drive
[2026-04-01 21:32:40][INFO] 日志已截断，仅保留最后 1000 行
[2026-04-01 21:32:40][INFO] 格式化 DNS => name=dsm.335356119.xyz => dns_domain_cname=dsm
[2026-04-01 21:32:40][INFO] 日志已截断，仅保留最后 1000 行
[2026-04-01 21:32:40][INFO] 格式化 DNS => name=erpnext.335356119.xyz => dns_domain_cname=erpnext
[2026-04-01 21:32:40][INFO] 日志已截断，仅保留最后 1000 行
[2026-04-01 21:32:40][INFO] 格式化 DNS => name=n8n.335356119.xyz => dns_domain_cname=n8n
[2026-04-01 21:32:40][INFO] 日志已截断，仅保留最后 1000 行
[2026-04-01 21:32:41][INFO] 格式化 DNS => name=openclaw.335356119.xyz => dns_domain_cname=openclaw
[2026-04-01 21:32:41][INFO] 日志已截断，仅保留最后 1000 行
[2026-04-01 21:32:41][INFO] 格式化 DNS => name=openlist.335356119.xyz => dns_domain_cname=openlist
[2026-04-01 21:32:41][INFO] 日志已截断，仅保留最后 1000 行
[2026-04-01 21:32:41][INFO] 格式化 DNS => name=sun.335356119.xyz => dns_domain_cname=sun
[2026-04-01 21:32:41][INFO] 日志已截断，仅保留最后 1000 行
[2026-04-01 21:32:41][INFO] 格式化 DNS => name=todo.335356119.xyz => dns_domain_cname=todo
[2026-04-01 21:32:41][INFO] 日志已截断，仅保留最后 1000 行
[2026-04-01 21:32:41][INFO] 格式化 DNS => name=unraid.335356119.xyz => dns_domain_cname=unraid
[2026-04-01 21:32:41][INFO] 日志已截断，仅保留最后 1000 行
[2026-04-01 21:32:41][SUCCESS] DNS 格式化完成 => total=14 => /mnt/user/Hdd_Disk_Share/脚本日志/chmlfrp/cloudflare_dns_格式化.json
[2026-04-01 21:32:42][INFO] 日志已截断，仅保留最后 1000 行
[2026-04-01 21:32:42][SUCCESS] 步骤五：当前状态快照生成完成
[2026-04-01 21:32:42][INFO] 日志已截断，仅保留最后 1000 行
[2026-04-01 21:32:42][INFO] 步骤六：节点策略 => 使用指定节点（--node=[2026-04-01
[2026-04-01 21:32:42][INFO] 日志已截断，仅保留最后 1000 行
[2026-04-01 21:32:42][ERROR] 在节点文件中找不到指定节点名称 => [2026-04-01 21:32:12][ERROR] 没有可用在线节点（nodeinfo online + ping 稳定）
[2026-04-01 21:32:42][INFO] 日志已截断，仅保留最后 1000 行
[2026-04-01 21:32:42][ERROR] 步骤六：指定节点校验失败 => [2026-04-01 21:32:12][ERROR] 没有可用在线节点（nodeinfo online + ping 稳定）
[2026-04-01 21:32:42][INFO] 日志已截断，仅保留最后 1000 行
[2026-04-01 21:33:31][INFO] ========== ChmlFrp 新修复流程脚本启动 ==========
[2026-04-01 21:33:31][INFO] 日志已截断，仅保留最后 1000 行
[2026-04-01 21:33:31][INFO] 脚本路径: /mnt/user/Hdd_Disk_Share/脚本日志/chmlfrp/new_fix_flow.sh
[2026-04-01 21:33:31][INFO] 日志已截断，仅保留最后 1000 行
[2026-04-01 21:33:31][INFO] 当前时间: 2026-04-01 21:33:31, 主机 IP: 192.168.8.11
[2026-04-01 21:33:31][INFO] 日志已截断，仅保留最后 1000 行
[2026-04-01 21:33:31][INFO] 固定隧道文件将使用: /mnt/user/Hdd_Disk_Share/脚本日志/chmlfrp/fixed_tunnels.txt
[2026-04-01 21:33:31][INFO] 日志已截断，仅保留最后 1000 行
[2026-04-01 21:33:31][INFO] 开始读取配置文件 => /mnt/user/Hdd_Disk_Share/脚本日志/chmlfrp/userdata.txt
[2026-04-01 21:33:31][INFO] 日志已截断，仅保留最后 1000 行
[2026-04-01 21:33:32][SUCCESS] 读取配置成功：
[2026-04-01 21:33:32][INFO] 日志已截断，仅保留最后 1000 行
[2026-04-01 21:33:32][INFO]   - ChmlFrp: username=ashanzzz, token前5位=E3g7Q...
[2026-04-01 21:33:32][INFO] 日志已截断，仅保留最后 1000 行
[2026-04-01 21:33:32][INFO]   - Cloudflare: email=zeros@vip.qq.qom, token前5位=0Emhd..., zone_id=9635e4672ef9d6cc76f8e624514d3bc8
[2026-04-01 21:33:32][INFO] 日志已截断，仅保留最后 1000 行
[2026-04-01 21:33:32][SUCCESS] 步骤一：读取全局配置完成
[2026-04-01 21:33:32][INFO] 日志已截断，仅保留最后 1000 行
[2026-04-01 21:33:32][INFO] 跳过前置 mtime/在线测试/frpc 日志检查：DNS_ONLY=false, CLEAN_INVALID_ONLY=false, FORCE_RUN=true
[2026-04-01 21:33:32][INFO] 日志已截断，仅保留最后 1000 行
[2026-04-01 21:33:32][INFO] 检查 JSON 文件: /mnt/user/Hdd_Disk_Share/脚本日志/chmlfrp/chmlfrp用户详情.txt
[2026-04-01 21:33:32][INFO] 日志已截断，仅保留最后 1000 行
[2026-04-01 21:33:32][SUCCESS] JSON 文件校验通过: /mnt/user/Hdd_Disk_Share/脚本日志/chmlfrp/chmlfrp用户详情.txt
[2026-04-01 21:33:32][INFO] 日志已截断，仅保留最后 1000 行
[2026-04-01 21:33:32][INFO] 读取 ChmlFrp 用户详情 => /mnt/user/Hdd_Disk_Share/脚本日志/chmlfrp/chmlfrp用户详情.txt
[2026-04-01 21:33:32][INFO] 日志已截断，仅保留最后 1000 行
[2026-04-01 21:33:32][SUCCESS] 解析到用户 ID => CHMLFRP_USERID=7584
[2026-04-01 21:33:32][INFO] 日志已截断，仅保留最后 1000 行
[2026-04-01 21:33:32][SUCCESS] 步骤三：解析 CHMLFRP_USERID 完成 => 7584
[2026-04-01 21:33:32][INFO] 日志已截断，仅保留最后 1000 行
[2026-04-01 21:33:32][INFO] 读取 FRPC 配置 => /mnt/user/appdata/frpc/frpc.toml
[2026-04-01 21:33:32][INFO] 日志已截断，仅保留最后 1000 行
[2026-04-01 21:33:32][INFO] 读取到当前节点 IP => 39.96.176.191
[2026-04-01 21:33:32][INFO] 日志已截断，仅保留最后 1000 行
[2026-04-01 21:33:32][SUCCESS] 步骤四：当前 frpc 节点 IP = 39.96.176.191
[2026-04-01 21:33:32][INFO] 日志已截断，仅保留最后 1000 行
[2026-04-01 21:33:32][INFO] 读取固定隧道配置（新版字段）: /mnt/user/Hdd_Disk_Share/脚本日志/chmlfrp/fixed_tunnels.txt
[2026-04-01 21:33:32][INFO] 日志已截断，仅保留最后 1000 行
[2026-04-01 21:33:32][INFO] 检查 JSON 文件: /mnt/user/Hdd_Disk_Share/脚本日志/chmlfrp/fixed_tunnels.txt
[2026-04-01 21:33:32][INFO] 日志已截断，仅保留最后 1000 行
[2026-04-01 21:33:32][SUCCESS] JSON 文件校验通过: /mnt/user/Hdd_Disk_Share/脚本日志/chmlfrp/fixed_tunnels.txt
[2026-04-01 21:33:32][INFO] 日志已截断，仅保留最后 1000 行
[2026-04-01 21:33:40][SUCCESS] 固定隧道读取完成 => 总数=14 => 标准化输出: /mnt/user/Hdd_Disk_Share/脚本日志/chmlfrp/临时-固定隧道标准化.json
[2026-04-01 21:33:40][INFO] 日志已截断，仅保留最后 1000 行
[2026-04-01 21:33:40][INFO] 固定隧道清单条目数: 14
[2026-04-01 21:33:40][INFO] 日志已截断，仅保留最后 1000 行
[2026-04-01 21:33:40][INFO] 获取 ChmlFrp 隧道列表 => /mnt/user/Hdd_Disk_Share/脚本日志/chmlfrp/chmlfrp隧道列表_raw.json
[2026-04-01 21:33:40][INFO] 日志已截断，仅保留最后 1000 行
[2026-04-01 21:33:40][INFO] 第 1 次尝试获取隧道列表...
[2026-04-01 21:33:40][INFO] 日志已截断，仅保留最后 1000 行
[2026-04-01 21:33:41][WARNING] 获取隧道列表失败 => code=401 => 无效的登录状态 => 重试...
[2026-04-01 21:33:41][INFO] 日志已截断，仅保留最后 1000 行
[2026-04-01 21:33:46][INFO] 第 2 次尝试获取隧道列表...
[2026-04-01 21:33:46][INFO] 日志已截断，仅保留最后 1000 行
[2026-04-01 21:33:46][WARNING] 获取隧道列表失败 => code=401 => 无效的登录状态 => 重试...
[2026-04-01 21:33:46][INFO] 日志已截断，仅保留最后 1000 行
[2026-04-01 21:33:51][INFO] 第 3 次尝试获取隧道列表...
[2026-04-01 21:33:51][INFO] 日志已截断，仅保留最后 1000 行
[2026-04-01 21:33:52][WARNING] 获取隧道列表失败 => code=401 => 无效的登录状态 => 重试...
[2026-04-01 21:33:52][INFO] 日志已截断，仅保留最后 1000 行
[2026-04-01 21:33:57][ERROR] 多次尝试获取隧道列表失败，视为当前无隧道
[2026-04-01 21:33:57][INFO] 日志已截断，仅保留最后 1000 行
[2026-04-01 21:33:57][WARNING] 获取隧道列表失败，将视为当前无隧道
[2026-04-01 21:33:57][INFO] 日志已截断，仅保留最后 1000 行
[2026-04-01 21:33:57][INFO] 当前 ChmlFrp 隧道列表为空 (0 条)
[2026-04-01 21:33:57][INFO] 日志已截断，仅保留最后 1000 行
[2026-04-01 21:33:57][INFO] 获取 Cloudflare DNS 列表 => /mnt/user/Hdd_Disk_Share/脚本日志/chmlfrp/cloudflare_dns_raw.json
[2026-04-01 21:33:57][INFO] 日志已截断，仅保留最后 1000 行
[2026-04-01 21:33:57][INFO] 第 1 次尝试获取 DNS 列表...
[2026-04-01 21:33:57][INFO] 日志已截断，仅保留最后 1000 行
[2026-04-01 21:33:58][SUCCESS] DNS 列表获取成功 => 写入 /mnt/user/Hdd_Disk_Share/脚本日志/chmlfrp/cloudflare_dns_raw.json
[2026-04-01 21:33:58][INFO] 日志已截断，仅保留最后 1000 行
[2026-04-01 21:33:58][INFO] 格式化 DNS 列表 => /mnt/user/Hdd_Disk_Share/脚本日志/chmlfrp/cloudflare_dns_格式化.json
[2026-04-01 21:33:58][INFO] 日志已截断，仅保留最后 1000 行
[2026-04-01 21:33:59][INFO] 格式化 DNS => name=1panel.335356119.xyz => dns_domain_cname=1panel
[2026-04-01 21:33:59][INFO] 日志已截断，仅保留最后 1000 行
[2026-04-01 21:33:59][INFO] 格式化 DNS => name=a.335356119.xyz => dns_domain_cname=a
[2026-04-01 21:33:59][INFO] 日志已截断，仅保留最后 1000 行
[2026-04-01 21:33:59][INFO] 格式化 DNS => name=abook.335356119.xyz => dns_domain_cname=abook
[2026-04-01 21:33:59][INFO] 日志已截断，仅保留最后 1000 行
[2026-04-01 21:33:59][INFO] 格式化 DNS => name=aiapi.335356119.xyz => dns_domain_cname=aiapi
[2026-04-01 21:33:59][INFO] 日志已截断，仅保留最后 1000 行
[2026-04-01 21:34:00][INFO] 格式化 DNS => name=aiweb.335356119.xyz => dns_domain_cname=aiweb
[2026-04-01 21:34:00][INFO] 日志已截断，仅保留最后 1000 行
[2026-04-01 21:34:00][INFO] 格式化 DNS => name=drive.335356119.xyz => dns_domain_cname=drive
[2026-04-01 21:34:00][INFO] 日志已截断，仅保留最后 1000 行
[2026-04-01 21:34:00][INFO] 格式化 DNS => name=dsm.335356119.xyz => dns_domain_cname=dsm
[2026-04-01 21:34:00][INFO] 日志已截断，仅保留最后 1000 行
[2026-04-01 21:34:00][INFO] 格式化 DNS => name=erpnext.335356119.xyz => dns_domain_cname=erpnext
[2026-04-01 21:34:00][INFO] 日志已截断，仅保留最后 1000 行
[2026-04-01 21:34:00][INFO] 格式化 DNS => name=n8n.335356119.xyz => dns_domain_cname=n8n
[2026-04-01 21:34:00][INFO] 日志已截断，仅保留最后 1000 行
[2026-04-01 21:34:01][INFO] 格式化 DNS => name=openclaw.335356119.xyz => dns_domain_cname=openclaw
[2026-04-01 21:34:01][INFO] 日志已截断，仅保留最后 1000 行
[2026-04-01 21:34:01][INFO] 格式化 DNS => name=openlist.335356119.xyz => dns_domain_cname=openlist
[2026-04-01 21:34:01][INFO] 日志已截断，仅保留最后 1000 行
[2026-04-01 21:34:01][INFO] 格式化 DNS => name=sun.335356119.xyz => dns_domain_cname=sun
[2026-04-01 21:34:01][INFO] 日志已截断，仅保留最后 1000 行
[2026-04-01 21:34:01][INFO] 格式化 DNS => name=todo.335356119.xyz => dns_domain_cname=todo
[2026-04-01 21:34:01][INFO] 日志已截断，仅保留最后 1000 行
[2026-04-01 21:34:01][INFO] 格式化 DNS => name=unraid.335356119.xyz => dns_domain_cname=unraid
[2026-04-01 21:34:02][INFO] 日志已截断，仅保留最后 1000 行
[2026-04-01 21:34:02][SUCCESS] DNS 格式化完成 => total=14 => /mnt/user/Hdd_Disk_Share/脚本日志/chmlfrp/cloudflare_dns_格式化.json
[2026-04-01 21:34:02][INFO] 日志已截断，仅保留最后 1000 行
[2026-04-01 21:34:02][SUCCESS] 步骤五：当前状态快照生成完成
[2026-04-01 21:34:02][INFO] 日志已截断，仅保留最后 1000 行
[2026-04-01 21:34:02][INFO] 步骤六：节点策略 => 使用指定节点（--node=[2026-04-01
[2026-04-01 21:34:02][INFO] 日志已截断，仅保留最后 1000 行
[2026-04-01 21:34:02][ERROR] 在节点文件中找不到指定节点名称 => [2026-04-01 21:33:31][ERROR] 没有可用在线节点（nodeinfo online + ping 稳定）
[2026-04-01 21:34:02][INFO] 日志已截断，仅保留最后 1000 行
[2026-04-01 21:34:02][ERROR] 步骤六：指定节点校验失败 => [2026-04-01 21:33:31][ERROR] 没有可用在线节点（nodeinfo online + ping 稳定）
[2026-04-01 21:34:02][INFO] 日志已截断，仅保留最后 1000 行
[2026-04-01 21:40:53][INFO] ========== ChmlFrp 新修复流程脚本启动 ==========
[2026-04-01 21:40:53][INFO] 日志已截断，仅保留最后 1000 行
[2026-04-01 21:40:53][INFO] 脚本路径: /mnt/user/Hdd_Disk_Share/脚本日志/chmlfrp/new_fix_flow.sh
[2026-04-01 21:40:53][INFO] 日志已截断，仅保留最后 1000 行
[2026-04-01 21:40:53][INFO] 当前时间: 2026-04-01 21:40:53, 主机 IP: 192.168.8.11
[2026-04-01 21:40:53][INFO] 日志已截断，仅保留最后 1000 行
[2026-04-01 21:40:53][INFO] 固定隧道文件将使用: /mnt/user/Hdd_Disk_Share/脚本日志/chmlfrp/fixed_tunnels.txt
[2026-04-01 21:40:53][INFO] 日志已截断，仅保留最后 1000 行
[2026-04-01 21:40:53][INFO] 开始读取配置文件 => /mnt/user/Hdd_Disk_Share/脚本日志/chmlfrp/userdata.txt
[2026-04-01 21:40:53][INFO] 日志已截断，仅保留最后 1000 行
[2026-04-01 21:40:53][SUCCESS] 读取配置成功：
[2026-04-01 21:40:53][INFO] 日志已截断，仅保留最后 1000 行
[2026-04-01 21:40:53][INFO]   - ChmlFrp: username=ashanzzz, token前5位=E3g7Q...
[2026-04-01 21:40:53][INFO] 日志已截断，仅保留最后 1000 行
[2026-04-01 21:40:53][INFO]   - Cloudflare: email=zeros@vip.qq.qom, token前5位=0Emhd..., zone_id=9635e4672ef9d6cc76f8e624514d3bc8
[2026-04-01 21:40:53][INFO] 日志已截断，仅保留最后 1000 行
[2026-04-01 21:40:53][SUCCESS] 步骤一：读取全局配置完成
[2026-04-01 21:40:53][INFO] 日志已截断，仅保留最后 1000 行
[2026-04-01 21:40:53][INFO] 跳过前置 mtime/在线测试/frpc 日志检查：DNS_ONLY=false, CLEAN_INVALID_ONLY=false, FORCE_RUN=true
[2026-04-01 21:40:53][INFO] 日志已截断，仅保留最后 1000 行
[2026-04-01 21:40:53][INFO] 检查 JSON 文件: /mnt/user/Hdd_Disk_Share/脚本日志/chmlfrp/chmlfrp用户详情.txt
[2026-04-01 21:40:54][INFO] 日志已截断，仅保留最后 1000 行
[2026-04-01 21:40:54][SUCCESS] JSON 文件校验通过: /mnt/user/Hdd_Disk_Share/脚本日志/chmlfrp/chmlfrp用户详情.txt
[2026-04-01 21:40:54][INFO] 日志已截断，仅保留最后 1000 行
[2026-04-01 21:40:54][INFO] 读取 ChmlFrp 用户详情 => /mnt/user/Hdd_Disk_Share/脚本日志/chmlfrp/chmlfrp用户详情.txt
[2026-04-01 21:40:54][INFO] 日志已截断，仅保留最后 1000 行
[2026-04-01 21:40:54][SUCCESS] 解析到用户 ID => CHMLFRP_USERID=7584
[2026-04-01 21:40:54][INFO] 日志已截断，仅保留最后 1000 行
[2026-04-01 21:40:54][SUCCESS] 步骤三：解析 CHMLFRP_USERID 完成 => 7584
[2026-04-01 21:40:54][INFO] 日志已截断，仅保留最后 1000 行
[2026-04-01 21:40:54][INFO] 读取 FRPC 配置 => /mnt/user/appdata/frpc/frpc.toml
[2026-04-01 21:40:54][INFO] 日志已截断，仅保留最后 1000 行
[2026-04-01 21:40:54][INFO] 读取到当前节点 IP => 39.96.176.191
[2026-04-01 21:40:54][INFO] 日志已截断，仅保留最后 1000 行
[2026-04-01 21:40:54][SUCCESS] 步骤四：当前 frpc 节点 IP = 39.96.176.191
[2026-04-01 21:40:54][INFO] 日志已截断，仅保留最后 1000 行
[2026-04-01 21:40:54][INFO] 读取固定隧道配置（新版字段）: /mnt/user/Hdd_Disk_Share/脚本日志/chmlfrp/fixed_tunnels.txt
[2026-04-01 21:40:54][INFO] 日志已截断，仅保留最后 1000 行
[2026-04-01 21:40:54][INFO] 检查 JSON 文件: /mnt/user/Hdd_Disk_Share/脚本日志/chmlfrp/fixed_tunnels.txt
[2026-04-01 21:40:54][INFO] 日志已截断，仅保留最后 1000 行
[2026-04-01 21:40:54][SUCCESS] JSON 文件校验通过: /mnt/user/Hdd_Disk_Share/脚本日志/chmlfrp/fixed_tunnels.txt
[2026-04-01 21:40:54][INFO] 日志已截断，仅保留最后 1000 行
[2026-04-01 21:41:01][SUCCESS] 固定隧道读取完成 => 总数=14 => 标准化输出: /mnt/user/Hdd_Disk_Share/脚本日志/chmlfrp/临时-固定隧道标准化.json
[2026-04-01 21:41:01][INFO] 日志已截断，仅保留最后 1000 行
[2026-04-01 21:41:02][INFO] 固定隧道清单条目数: 14
[2026-04-01 21:41:02][INFO] 日志已截断，仅保留最后 1000 行
[2026-04-01 21:41:02][INFO] 获取 ChmlFrp 隧道列表 => /mnt/user/Hdd_Disk_Share/脚本日志/chmlfrp/chmlfrp隧道列表_raw.json
[2026-04-01 21:41:02][INFO] 日志已截断，仅保留最后 1000 行
[2026-04-01 21:41:02][INFO] 第 1 次尝试获取隧道列表...
[2026-04-01 21:41:02][INFO] 日志已截断，仅保留最后 1000 行
[2026-04-01 21:41:02][WARNING] 获取隧道列表失败 => code=401 => 无效的登录状态 => 重试...
[2026-04-01 21:41:02][INFO] 日志已截断，仅保留最后 1000 行
[2026-04-01 21:41:07][INFO] 第 2 次尝试获取隧道列表...
[2026-04-01 21:41:07][INFO] 日志已截断，仅保留最后 1000 行
[2026-04-01 21:41:08][WARNING] 获取隧道列表失败 => code=401 => 无效的登录状态 => 重试...
[2026-04-01 21:41:08][INFO] 日志已截断，仅保留最后 1000 行
[2026-04-01 21:41:13][INFO] 第 3 次尝试获取隧道列表...
[2026-04-01 21:41:13][INFO] 日志已截断，仅保留最后 1000 行
[2026-04-01 21:41:13][WARNING] 获取隧道列表失败 => code=401 => 无效的登录状态 => 重试...
[2026-04-01 21:41:13][INFO] 日志已截断，仅保留最后 1000 行
[2026-04-01 21:41:18][ERROR] 多次尝试获取隧道列表失败，视为当前无隧道
[2026-04-01 21:41:18][INFO] 日志已截断，仅保留最后 1000 行
[2026-04-01 21:41:18][WARNING] 获取隧道列表失败，将视为当前无隧道
[2026-04-01 21:41:18][INFO] 日志已截断，仅保留最后 1000 行
[2026-04-01 21:41:18][INFO] 当前 ChmlFrp 隧道列表为空 (0 条)
[2026-04-01 21:41:18][INFO] 日志已截断，仅保留最后 1000 行
[2026-04-01 21:41:18][INFO] 获取 Cloudflare DNS 列表 => /mnt/user/Hdd_Disk_Share/脚本日志/chmlfrp/cloudflare_dns_raw.json
[2026-04-01 21:41:18][INFO] 日志已截断，仅保留最后 1000 行
[2026-04-01 21:41:18][INFO] 第 1 次尝试获取 DNS 列表...
[2026-04-01 21:41:18][INFO] 日志已截断，仅保留最后 1000 行
[2026-04-01 21:41:20][SUCCESS] DNS 列表获取成功 => 写入 /mnt/user/Hdd_Disk_Share/脚本日志/chmlfrp/cloudflare_dns_raw.json
[2026-04-01 21:41:20][INFO] 日志已截断，仅保留最后 1000 行
[2026-04-01 21:41:20][INFO] 格式化 DNS 列表 => /mnt/user/Hdd_Disk_Share/脚本日志/chmlfrp/cloudflare_dns_格式化.json
[2026-04-01 21:41:20][INFO] 日志已截断，仅保留最后 1000 行
[2026-04-01 21:41:20][INFO] 格式化 DNS => name=1panel.335356119.xyz => dns_domain_cname=1panel
[2026-04-01 21:41:20][INFO] 日志已截断，仅保留最后 1000 行
[2026-04-01 21:41:21][INFO] 格式化 DNS => name=a.335356119.xyz => dns_domain_cname=a
[2026-04-01 21:41:21][INFO] 日志已截断，仅保留最后 1000 行
[2026-04-01 21:41:21][INFO] 格式化 DNS => name=abook.335356119.xyz => dns_domain_cname=abook
[2026-04-01 21:41:21][INFO] 日志已截断，仅保留最后 1000 行
[2026-04-01 21:41:21][INFO] 格式化 DNS => name=aiapi.335356119.xyz => dns_domain_cname=aiapi
[2026-04-01 21:41:21][INFO] 日志已截断，仅保留最后 1000 行
[2026-04-01 21:41:21][INFO] 格式化 DNS => name=aiweb.335356119.xyz => dns_domain_cname=aiweb
[2026-04-01 21:41:21][INFO] 日志已截断，仅保留最后 1000 行
[2026-04-01 21:41:21][INFO] 格式化 DNS => name=drive.335356119.xyz => dns_domain_cname=drive
[2026-04-01 21:41:22][INFO] 日志已截断，仅保留最后 1000 行
[2026-04-01 21:41:22][INFO] 格式化 DNS => name=dsm.335356119.xyz => dns_domain_cname=dsm
[2026-04-01 21:41:22][INFO] 日志已截断，仅保留最后 1000 行
[2026-04-01 21:41:22][INFO] 格式化 DNS => name=erpnext.335356119.xyz => dns_domain_cname=erpnext
[2026-04-01 21:41:22][INFO] 日志已截断，仅保留最后 1000 行
[2026-04-01 21:41:22][INFO] 格式化 DNS => name=n8n.335356119.xyz => dns_domain_cname=n8n
[2026-04-01 21:41:22][INFO] 日志已截断，仅保留最后 1000 行
[2026-04-01 21:41:22][INFO] 格式化 DNS => name=openclaw.335356119.xyz => dns_domain_cname=openclaw
[2026-04-01 21:41:22][INFO] 日志已截断，仅保留最后 1000 行
[2026-04-01 21:41:23][INFO] 格式化 DNS => name=openlist.335356119.xyz => dns_domain_cname=openlist
[2026-04-01 21:41:23][INFO] 日志已截断，仅保留最后 1000 行
[2026-04-01 21:41:23][INFO] 格式化 DNS => name=sun.335356119.xyz => dns_domain_cname=sun
[2026-04-01 21:41:23][INFO] 日志已截断，仅保留最后 1000 行
[2026-04-01 21:41:23][INFO] 格式化 DNS => name=todo.335356119.xyz => dns_domain_cname=todo
[2026-04-01 21:41:23][INFO] 日志已截断，仅保留最后 1000 行
[2026-04-01 21:41:23][INFO] 格式化 DNS => name=unraid.335356119.xyz => dns_domain_cname=unraid
[2026-04-01 21:41:23][INFO] 日志已截断，仅保留最后 1000 行
[2026-04-01 21:41:23][SUCCESS] DNS 格式化完成 => total=14 => /mnt/user/Hdd_Disk_Share/脚本日志/chmlfrp/cloudflare_dns_格式化.json
[2026-04-01 21:41:23][INFO] 日志已截断，仅保留最后 1000 行
[2026-04-01 21:41:23][SUCCESS] 步骤五：当前状态快照生成完成
[2026-04-01 21:41:23][INFO] 日志已截断，仅保留最后 1000 行
[2026-04-01 21:41:23][INFO] 步骤六：节点策略 => 使用指定节点（--node=[2026-04-01
[2026-04-01 21:41:23][INFO] 日志已截断，仅保留最后 1000 行
[2026-04-01 21:41:23][ERROR] 在节点文件中找不到指定节点名称 => [2026-04-01 21:40:53][ERROR] 没有可用在线节点（nodeinfo online + ping 稳定）
[2026-04-01 21:41:24][INFO] 日志已截断，仅保留最后 1000 行
[2026-04-01 21:41:24][ERROR] 步骤六：指定节点校验失败 => [2026-04-01 21:40:53][ERROR] 没有可用在线节点（nodeinfo online + ping 稳定）
[2026-04-01 21:41:24][INFO] 日志已截断，仅保留最后 1000 行
[2026-04-01 21:42:12][INFO] ========== ChmlFrp 新修复流程脚本启动 ==========
[2026-04-01 21:42:12][INFO] 日志已截断，仅保留最后 1000 行
[2026-04-01 21:42:12][INFO] 脚本路径: /mnt/user/Hdd_Disk_Share/脚本日志/chmlfrp/new_fix_flow.sh
[2026-04-01 21:42:12][INFO] 日志已截断，仅保留最后 1000 行
[2026-04-01 21:42:12][INFO] 当前时间: 2026-04-01 21:42:12, 主机 IP: 192.168.8.11
[2026-04-01 21:42:12][INFO] 日志已截断，仅保留最后 1000 行
[2026-04-01 21:42:12][INFO] 固定隧道文件将使用: /mnt/user/Hdd_Disk_Share/脚本日志/chmlfrp/fixed_tunnels.txt
[2026-04-01 21:42:12][INFO] 日志已截断，仅保留最后 1000 行
[2026-04-01 21:42:12][INFO] 开始读取配置文件 => /mnt/user/Hdd_Disk_Share/脚本日志/chmlfrp/userdata.txt
[2026-04-01 21:42:12][INFO] 日志已截断，仅保留最后 1000 行
[2026-04-01 21:42:13][SUCCESS] 读取配置成功：
[2026-04-01 21:42:13][INFO] 日志已截断，仅保留最后 1000 行
[2026-04-01 21:42:13][INFO]   - ChmlFrp: username=ashanzzz, token前5位=E3g7Q...
[2026-04-01 21:42:13][INFO] 日志已截断，仅保留最后 1000 行
[2026-04-01 21:42:13][INFO]   - Cloudflare: email=zeros@vip.qq.qom, token前5位=0Emhd..., zone_id=9635e4672ef9d6cc76f8e624514d3bc8
[2026-04-01 21:42:13][INFO] 日志已截断，仅保留最后 1000 行
[2026-04-01 21:42:13][SUCCESS] 步骤一：读取全局配置完成
[2026-04-01 21:42:13][INFO] 日志已截断，仅保留最后 1000 行
[2026-04-01 21:42:13][INFO] 跳过前置 mtime/在线测试/frpc 日志检查：DNS_ONLY=false, CLEAN_INVALID_ONLY=false, FORCE_RUN=true
[2026-04-01 21:42:13][INFO] 日志已截断，仅保留最后 1000 行
[2026-04-01 21:42:13][INFO] 检查 JSON 文件: /mnt/user/Hdd_Disk_Share/脚本日志/chmlfrp/chmlfrp用户详情.txt
[2026-04-01 21:42:13][INFO] 日志已截断，仅保留最后 1000 行
[2026-04-01 21:42:13][SUCCESS] JSON 文件校验通过: /mnt/user/Hdd_Disk_Share/脚本日志/chmlfrp/chmlfrp用户详情.txt
[2026-04-01 21:42:13][INFO] 日志已截断，仅保留最后 1000 行
[2026-04-01 21:42:13][INFO] 读取 ChmlFrp 用户详情 => /mnt/user/Hdd_Disk_Share/脚本日志/chmlfrp/chmlfrp用户详情.txt
[2026-04-01 21:42:13][INFO] 日志已截断，仅保留最后 1000 行
[2026-04-01 21:42:13][SUCCESS] 解析到用户 ID => CHMLFRP_USERID=7584
[2026-04-01 21:42:13][INFO] 日志已截断，仅保留最后 1000 行
[2026-04-01 21:42:13][SUCCESS] 步骤三：解析 CHMLFRP_USERID 完成 => 7584
[2026-04-01 21:42:13][INFO] 日志已截断，仅保留最后 1000 行
[2026-04-01 21:42:13][INFO] 读取 FRPC 配置 => /mnt/user/appdata/frpc/frpc.toml
[2026-04-01 21:42:13][INFO] 日志已截断，仅保留最后 1000 行
[2026-04-01 21:42:13][INFO] 读取到当前节点 IP => 39.96.176.191
[2026-04-01 21:42:13][INFO] 日志已截断，仅保留最后 1000 行
[2026-04-01 21:42:13][SUCCESS] 步骤四：当前 frpc 节点 IP = 39.96.176.191
[2026-04-01 21:42:13][INFO] 日志已截断，仅保留最后 1000 行
[2026-04-01 21:42:13][INFO] 读取固定隧道配置（新版字段）: /mnt/user/Hdd_Disk_Share/脚本日志/chmlfrp/fixed_tunnels.txt
[2026-04-01 21:42:13][INFO] 日志已截断，仅保留最后 1000 行
[2026-04-01 21:42:14][INFO] 检查 JSON 文件: /mnt/user/Hdd_Disk_Share/脚本日志/chmlfrp/fixed_tunnels.txt
[2026-04-01 21:42:14][INFO] 日志已截断，仅保留最后 1000 行
[2026-04-01 21:42:14][SUCCESS] JSON 文件校验通过: /mnt/user/Hdd_Disk_Share/脚本日志/chmlfrp/fixed_tunnels.txt
[2026-04-01 21:42:14][INFO] 日志已截断，仅保留最后 1000 行
[2026-04-01 21:42:21][SUCCESS] 固定隧道读取完成 => 总数=14 => 标准化输出: /mnt/user/Hdd_Disk_Share/脚本日志/chmlfrp/临时-固定隧道标准化.json
[2026-04-01 21:42:21][INFO] 日志已截断，仅保留最后 1000 行
[2026-04-01 21:42:21][INFO] 固定隧道清单条目数: 14
[2026-04-01 21:42:21][INFO] 日志已截断，仅保留最后 1000 行
[2026-04-01 21:42:21][INFO] 获取 ChmlFrp 隧道列表 => /mnt/user/Hdd_Disk_Share/脚本日志/chmlfrp/chmlfrp隧道列表_raw.json
[2026-04-01 21:42:21][INFO] 日志已截断，仅保留最后 1000 行
[2026-04-01 21:42:21][INFO] 第 1 次尝试获取隧道列表...
[2026-04-01 21:42:21][INFO] 日志已截断，仅保留最后 1000 行
[2026-04-01 21:42:22][WARNING] 获取隧道列表失败 => code=401 => 无效的登录状态 => 重试...
[2026-04-01 21:42:22][INFO] 日志已截断，仅保留最后 1000 行
[2026-04-01 21:42:27][INFO] 第 2 次尝试获取隧道列表...
[2026-04-01 21:42:27][INFO] 日志已截断，仅保留最后 1000 行
[2026-04-01 21:42:27][WARNING] 获取隧道列表失败 => code=401 => 无效的登录状态 => 重试...
[2026-04-01 21:42:27][INFO] 日志已截断，仅保留最后 1000 行
[2026-04-01 21:42:32][INFO] 第 3 次尝试获取隧道列表...
[2026-04-01 21:42:32][INFO] 日志已截断，仅保留最后 1000 行
[2026-04-01 21:42:33][WARNING] 获取隧道列表失败 => code=401 => 无效的登录状态 => 重试...
[2026-04-01 21:42:33][INFO] 日志已截断，仅保留最后 1000 行
[2026-04-01 21:42:38][ERROR] 多次尝试获取隧道列表失败，视为当前无隧道
[2026-04-01 21:42:38][INFO] 日志已截断，仅保留最后 1000 行
[2026-04-01 21:42:38][WARNING] 获取隧道列表失败，将视为当前无隧道
[2026-04-01 21:42:38][INFO] 日志已截断，仅保留最后 1000 行
[2026-04-01 21:42:38][INFO] 当前 ChmlFrp 隧道列表为空 (0 条)
[2026-04-01 21:42:38][INFO] 日志已截断，仅保留最后 1000 行
[2026-04-01 21:42:38][INFO] 获取 Cloudflare DNS 列表 => /mnt/user/Hdd_Disk_Share/脚本日志/chmlfrp/cloudflare_dns_raw.json
[2026-04-01 21:42:38][INFO] 日志已截断，仅保留最后 1000 行
[2026-04-01 21:42:38][INFO] 第 1 次尝试获取 DNS 列表...
[2026-04-01 21:42:38][INFO] 日志已截断，仅保留最后 1000 行
[2026-04-01 21:42:39][SUCCESS] DNS 列表获取成功 => 写入 /mnt/user/Hdd_Disk_Share/脚本日志/chmlfrp/cloudflare_dns_raw.json
[2026-04-01 21:42:39][INFO] 日志已截断，仅保留最后 1000 行
[2026-04-01 21:42:39][INFO] 格式化 DNS 列表 => /mnt/user/Hdd_Disk_Share/脚本日志/chmlfrp/cloudflare_dns_格式化.json
[2026-04-01 21:42:39][INFO] 日志已截断，仅保留最后 1000 行
[2026-04-01 21:42:40][INFO] 格式化 DNS => name=1panel.335356119.xyz => dns_domain_cname=1panel
[2026-04-01 21:42:40][INFO] 日志已截断，仅保留最后 1000 行
[2026-04-01 21:42:40][INFO] 格式化 DNS => name=a.335356119.xyz => dns_domain_cname=a
[2026-04-01 21:42:40][INFO] 日志已截断，仅保留最后 1000 行
[2026-04-01 21:42:40][INFO] 格式化 DNS => name=abook.335356119.xyz => dns_domain_cname=abook
[2026-04-01 21:42:40][INFO] 日志已截断，仅保留最后 1000 行
[2026-04-01 21:42:40][INFO] 格式化 DNS => name=aiapi.335356119.xyz => dns_domain_cname=aiapi
[2026-04-01 21:42:40][INFO] 日志已截断，仅保留最后 1000 行
[2026-04-01 21:42:40][INFO] 格式化 DNS => name=aiweb.335356119.xyz => dns_domain_cname=aiweb
[2026-04-01 21:42:40][INFO] 日志已截断，仅保留最后 1000 行
[2026-04-01 21:42:41][INFO] 格式化 DNS => name=drive.335356119.xyz => dns_domain_cname=drive
[2026-04-01 21:42:41][INFO] 日志已截断，仅保留最后 1000 行
[2026-04-01 21:42:41][INFO] 格式化 DNS => name=dsm.335356119.xyz => dns_domain_cname=dsm
[2026-04-01 21:42:41][INFO] 日志已截断，仅保留最后 1000 行
[2026-04-01 21:42:41][INFO] 格式化 DNS => name=erpnext.335356119.xyz => dns_domain_cname=erpnext
[2026-04-01 21:42:41][INFO] 日志已截断，仅保留最后 1000 行
[2026-04-01 21:42:41][INFO] 格式化 DNS => name=n8n.335356119.xyz => dns_domain_cname=n8n
[2026-04-01 21:42:41][INFO] 日志已截断，仅保留最后 1000 行
[2026-04-01 21:42:41][INFO] 格式化 DNS => name=openclaw.335356119.xyz => dns_domain_cname=openclaw
[2026-04-01 21:42:41][INFO] 日志已截断，仅保留最后 1000 行
[2026-04-01 21:42:42][INFO] 格式化 DNS => name=openlist.335356119.xyz => dns_domain_cname=openlist
[2026-04-01 21:42:42][INFO] 日志已截断，仅保留最后 1000 行
[2026-04-01 21:42:42][INFO] 格式化 DNS => name=sun.335356119.xyz => dns_domain_cname=sun
[2026-04-01 21:42:42][INFO] 日志已截断，仅保留最后 1000 行
[2026-04-01 21:42:42][INFO] 格式化 DNS => name=todo.335356119.xyz => dns_domain_cname=todo
[2026-04-01 21:42:42][INFO] 日志已截断，仅保留最后 1000 行
[2026-04-01 21:42:42][INFO] 格式化 DNS => name=unraid.335356119.xyz => dns_domain_cname=unraid
[2026-04-01 21:42:42][INFO] 日志已截断，仅保留最后 1000 行
[2026-04-01 21:42:42][SUCCESS] DNS 格式化完成 => total=14 => /mnt/user/Hdd_Disk_Share/脚本日志/chmlfrp/cloudflare_dns_格式化.json
[2026-04-01 21:42:42][INFO] 日志已截断，仅保留最后 1000 行
[2026-04-01 21:42:42][SUCCESS] 步骤五：当前状态快照生成完成
[2026-04-01 21:42:42][INFO] 日志已截断，仅保留最后 1000 行
[2026-04-01 21:42:42][INFO] 步骤六：节点策略 => 使用指定节点（--node=[2026-04-01
[2026-04-01 21:42:42][INFO] 日志已截断，仅保留最后 1000 行
[2026-04-01 21:42:43][ERROR] 在节点文件中找不到指定节点名称 => [2026-04-01 21:42:12][ERROR] 没有可用在线节点（nodeinfo online + ping 稳定）
[2026-04-01 21:42:43][INFO] 日志已截断，仅保留最后 1000 行
[2026-04-01 21:42:43][ERROR] 步骤六：指定节点校验失败 => [2026-04-01 21:42:12][ERROR] 没有可用在线节点（nodeinfo online + ping 稳定）
[2026-04-01 21:42:43][INFO] 日志已截断，仅保留最后 1000 行
[2026-04-01 21:43:32][INFO] ========== ChmlFrp 新修复流程脚本启动 ==========
[2026-04-01 21:43:32][INFO] 日志已截断，仅保留最后 1000 行
[2026-04-01 21:43:32][INFO] 脚本路径: /mnt/user/Hdd_Disk_Share/脚本日志/chmlfrp/new_fix_flow.sh
[2026-04-01 21:43:32][INFO] 日志已截断，仅保留最后 1000 行
[2026-04-01 21:43:32][INFO] 当前时间: 2026-04-01 21:43:32, 主机 IP: 192.168.8.11
[2026-04-01 21:43:32][INFO] 日志已截断，仅保留最后 1000 行
[2026-04-01 21:43:32][INFO] 固定隧道文件将使用: /mnt/user/Hdd_Disk_Share/脚本日志/chmlfrp/fixed_tunnels.txt
[2026-04-01 21:43:32][INFO] 日志已截断，仅保留最后 1000 行
[2026-04-01 21:43:32][INFO] 开始读取配置文件 => /mnt/user/Hdd_Disk_Share/脚本日志/chmlfrp/userdata.txt
[2026-04-01 21:43:32][INFO] 日志已截断，仅保留最后 1000 行
[2026-04-01 21:43:32][SUCCESS] 读取配置成功：
[2026-04-01 21:43:32][INFO] 日志已截断，仅保留最后 1000 行
[2026-04-01 21:43:32][INFO]   - ChmlFrp: username=ashanzzz, token前5位=E3g7Q...
[2026-04-01 21:43:32][INFO] 日志已截断，仅保留最后 1000 行
[2026-04-01 21:43:32][INFO]   - Cloudflare: email=zeros@vip.qq.qom, token前5位=0Emhd..., zone_id=9635e4672ef9d6cc76f8e624514d3bc8
[2026-04-01 21:43:32][INFO] 日志已截断，仅保留最后 1000 行
[2026-04-01 21:43:32][SUCCESS] 步骤一：读取全局配置完成
[2026-04-01 21:43:33][INFO] 日志已截断，仅保留最后 1000 行
[2026-04-01 21:43:33][INFO] 跳过前置 mtime/在线测试/frpc 日志检查：DNS_ONLY=false, CLEAN_INVALID_ONLY=false, FORCE_RUN=true
[2026-04-01 21:43:33][INFO] 日志已截断，仅保留最后 1000 行
[2026-04-01 21:43:33][INFO] 检查 JSON 文件: /mnt/user/Hdd_Disk_Share/脚本日志/chmlfrp/chmlfrp用户详情.txt
[2026-04-01 21:43:33][INFO] 日志已截断，仅保留最后 1000 行
[2026-04-01 21:43:33][SUCCESS] JSON 文件校验通过: /mnt/user/Hdd_Disk_Share/脚本日志/chmlfrp/chmlfrp用户详情.txt
[2026-04-01 21:43:33][INFO] 日志已截断，仅保留最后 1000 行
[2026-04-01 21:43:33][INFO] 读取 ChmlFrp 用户详情 => /mnt/user/Hdd_Disk_Share/脚本日志/chmlfrp/chmlfrp用户详情.txt
[2026-04-01 21:43:33][INFO] 日志已截断，仅保留最后 1000 行
[2026-04-01 21:43:33][SUCCESS] 解析到用户 ID => CHMLFRP_USERID=7584
[2026-04-01 21:43:33][INFO] 日志已截断，仅保留最后 1000 行
[2026-04-01 21:43:33][SUCCESS] 步骤三：解析 CHMLFRP_USERID 完成 => 7584
[2026-04-01 21:43:33][INFO] 日志已截断，仅保留最后 1000 行
[2026-04-01 21:43:33][INFO] 读取 FRPC 配置 => /mnt/user/appdata/frpc/frpc.toml
[2026-04-01 21:43:33][INFO] 日志已截断，仅保留最后 1000 行
[2026-04-01 21:43:33][INFO] 读取到当前节点 IP => 39.96.176.191
[2026-04-01 21:43:33][INFO] 日志已截断，仅保留最后 1000 行
[2026-04-01 21:43:33][SUCCESS] 步骤四：当前 frpc 节点 IP = 39.96.176.191
[2026-04-01 21:43:33][INFO] 日志已截断，仅保留最后 1000 行
[2026-04-01 21:43:33][INFO] 读取固定隧道配置（新版字段）: /mnt/user/Hdd_Disk_Share/脚本日志/chmlfrp/fixed_tunnels.txt
[2026-04-01 21:43:33][INFO] 日志已截断，仅保留最后 1000 行
[2026-04-01 21:43:33][INFO] 检查 JSON 文件: /mnt/user/Hdd_Disk_Share/脚本日志/chmlfrp/fixed_tunnels.txt
[2026-04-01 21:43:33][INFO] 日志已截断，仅保留最后 1000 行
[2026-04-01 21:43:33][SUCCESS] JSON 文件校验通过: /mnt/user/Hdd_Disk_Share/脚本日志/chmlfrp/fixed_tunnels.txt
[2026-04-01 21:43:33][INFO] 日志已截断，仅保留最后 1000 行
[2026-04-01 21:43:41][SUCCESS] 固定隧道读取完成 => 总数=14 => 标准化输出: /mnt/user/Hdd_Disk_Share/脚本日志/chmlfrp/临时-固定隧道标准化.json
[2026-04-01 21:43:41][INFO] 日志已截断，仅保留最后 1000 行
[2026-04-01 21:43:41][INFO] 固定隧道清单条目数: 14
[2026-04-01 21:43:41][INFO] 日志已截断，仅保留最后 1000 行
[2026-04-01 21:43:41][INFO] 获取 ChmlFrp 隧道列表 => /mnt/user/Hdd_Disk_Share/脚本日志/chmlfrp/chmlfrp隧道列表_raw.json
[2026-04-01 21:43:41][INFO] 日志已截断，仅保留最后 1000 行
[2026-04-01 21:43:41][INFO] 第 1 次尝试获取隧道列表...
[2026-04-01 21:43:41][INFO] 日志已截断，仅保留最后 1000 行
[2026-04-01 21:43:41][WARNING] 获取隧道列表失败 => code=401 => 无效的登录状态 => 重试...
[2026-04-01 21:43:41][INFO] 日志已截断，仅保留最后 1000 行
[2026-04-01 21:43:46][INFO] 第 2 次尝试获取隧道列表...
[2026-04-01 21:43:46][INFO] 日志已截断，仅保留最后 1000 行
[2026-04-01 21:43:47][WARNING] 获取隧道列表失败 => code=401 => 无效的登录状态 => 重试...
[2026-04-01 21:43:47][INFO] 日志已截断，仅保留最后 1000 行
[2026-04-01 21:43:52][INFO] 第 3 次尝试获取隧道列表...
[2026-04-01 21:43:52][INFO] 日志已截断，仅保留最后 1000 行
[2026-04-01 21:43:52][WARNING] 获取隧道列表失败 => code=401 => 无效的登录状态 => 重试...
[2026-04-01 21:43:52][INFO] 日志已截断，仅保留最后 1000 行
[2026-04-01 21:43:57][ERROR] 多次尝试获取隧道列表失败，视为当前无隧道
[2026-04-01 21:43:58][INFO] 日志已截断，仅保留最后 1000 行
[2026-04-01 21:43:58][WARNING] 获取隧道列表失败，将视为当前无隧道
[2026-04-01 21:43:58][INFO] 日志已截断，仅保留最后 1000 行
[2026-04-01 21:43:58][INFO] 当前 ChmlFrp 隧道列表为空 (0 条)
[2026-04-01 21:43:58][INFO] 日志已截断，仅保留最后 1000 行
[2026-04-01 21:43:58][INFO] 获取 Cloudflare DNS 列表 => /mnt/user/Hdd_Disk_Share/脚本日志/chmlfrp/cloudflare_dns_raw.json
[2026-04-01 21:43:58][INFO] 日志已截断，仅保留最后 1000 行
[2026-04-01 21:43:58][INFO] 第 1 次尝试获取 DNS 列表...
[2026-04-01 21:43:58][INFO] 日志已截断，仅保留最后 1000 行
[2026-04-01 21:43:58][SUCCESS] DNS 列表获取成功 => 写入 /mnt/user/Hdd_Disk_Share/脚本日志/chmlfrp/cloudflare_dns_raw.json
[2026-04-01 21:43:58][INFO] 日志已截断，仅保留最后 1000 行
[2026-04-01 21:43:58][INFO] 格式化 DNS 列表 => /mnt/user/Hdd_Disk_Share/脚本日志/chmlfrp/cloudflare_dns_格式化.json
[2026-04-01 21:43:59][INFO] 日志已截断，仅保留最后 1000 行
[2026-04-01 21:43:59][INFO] 格式化 DNS => name=1panel.335356119.xyz => dns_domain_cname=1panel
[2026-04-01 21:43:59][INFO] 日志已截断，仅保留最后 1000 行
[2026-04-01 21:43:59][INFO] 格式化 DNS => name=a.335356119.xyz => dns_domain_cname=a
[2026-04-01 21:43:59][INFO] 日志已截断，仅保留最后 1000 行
[2026-04-01 21:43:59][INFO] 格式化 DNS => name=abook.335356119.xyz => dns_domain_cname=abook
[2026-04-01 21:43:59][INFO] 日志已截断，仅保留最后 1000 行
[2026-04-01 21:43:59][INFO] 格式化 DNS => name=aiapi.335356119.xyz => dns_domain_cname=aiapi
[2026-04-01 21:43:59][INFO] 日志已截断，仅保留最后 1000 行
[2026-04-01 21:44:00][INFO] 格式化 DNS => name=aiweb.335356119.xyz => dns_domain_cname=aiweb
[2026-04-01 21:44:00][INFO] 日志已截断，仅保留最后 1000 行
[2026-04-01 21:44:00][INFO] 格式化 DNS => name=drive.335356119.xyz => dns_domain_cname=drive
[2026-04-01 21:44:00][INFO] 日志已截断，仅保留最后 1000 行
[2026-04-01 21:44:00][INFO] 格式化 DNS => name=dsm.335356119.xyz => dns_domain_cname=dsm
[2026-04-01 21:44:00][INFO] 日志已截断，仅保留最后 1000 行
[2026-04-01 21:44:00][INFO] 格式化 DNS => name=erpnext.335356119.xyz => dns_domain_cname=erpnext
[2026-04-01 21:44:00][INFO] 日志已截断，仅保留最后 1000 行
[2026-04-01 21:44:01][INFO] 格式化 DNS => name=n8n.335356119.xyz => dns_domain_cname=n8n
[2026-04-01 21:44:01][INFO] 日志已截断，仅保留最后 1000 行
[2026-04-01 21:44:01][INFO] 格式化 DNS => name=openclaw.335356119.xyz => dns_domain_cname=openclaw
[2026-04-01 21:44:01][INFO] 日志已截断，仅保留最后 1000 行
[2026-04-01 21:44:01][INFO] 格式化 DNS => name=openlist.335356119.xyz => dns_domain_cname=openlist
[2026-04-01 21:44:01][INFO] 日志已截断，仅保留最后 1000 行
[2026-04-01 21:44:01][INFO] 格式化 DNS => name=sun.335356119.xyz => dns_domain_cname=sun
[2026-04-01 21:44:01][INFO] 日志已截断，仅保留最后 1000 行
[2026-04-01 21:44:01][INFO] 格式化 DNS => name=todo.335356119.xyz => dns_domain_cname=todo
[2026-04-01 21:44:01][INFO] 日志已截断，仅保留最后 1000 行
[2026-04-01 21:44:02][INFO] 格式化 DNS => name=unraid.335356119.xyz => dns_domain_cname=unraid
[2026-04-01 21:44:02][INFO] 日志已截断，仅保留最后 1000 行
[2026-04-01 21:44:02][SUCCESS] DNS 格式化完成 => total=14 => /mnt/user/Hdd_Disk_Share/脚本日志/chmlfrp/cloudflare_dns_格式化.json
[2026-04-01 21:44:02][INFO] 日志已截断，仅保留最后 1000 行
[2026-04-01 21:44:02][SUCCESS] 步骤五：当前状态快照生成完成
[2026-04-01 21:44:02][INFO] 日志已截断，仅保留最后 1000 行
[2026-04-01 21:44:02][INFO] 步骤六：节点策略 => 使用指定节点（--node=[2026-04-01
[2026-04-01 21:44:02][INFO] 日志已截断，仅保留最后 1000 行
[2026-04-01 21:44:02][ERROR] 在节点文件中找不到指定节点名称 => [2026-04-01 21:43:32][ERROR] 没有可用在线节点（nodeinfo online + ping 稳定）
[2026-04-01 21:44:02][INFO] 日志已截断，仅保留最后 1000 行
[2026-04-01 21:44:02][ERROR] 步骤六：指定节点校验失败 => [2026-04-01 21:43:32][ERROR] 没有可用在线节点（nodeinfo online + ping 稳定）
[2026-04-01 21:44:02][INFO] 日志已截断，仅保留最后 1000 行
[2026-04-01 21:50:53][INFO] ========== ChmlFrp 新修复流程脚本启动 ==========
[2026-04-01 21:50:53][INFO] 日志已截断，仅保留最后 1000 行
[2026-04-01 21:50:53][INFO] 脚本路径: /mnt/user/Hdd_Disk_Share/脚本日志/chmlfrp/new_fix_flow.sh
[2026-04-01 21:50:53][INFO] 日志已截断，仅保留最后 1000 行
[2026-04-01 21:50:53][INFO] 当前时间: 2026-04-01 21:50:53, 主机 IP: 192.168.8.11
[2026-04-01 21:50:53][INFO] 日志已截断，仅保留最后 1000 行
[2026-04-01 21:50:53][INFO] 固定隧道文件将使用: /mnt/user/Hdd_Disk_Share/脚本日志/chmlfrp/fixed_tunnels.txt
[2026-04-01 21:50:53][INFO] 日志已截断，仅保留最后 1000 行
[2026-04-01 21:50:53][INFO] 开始读取配置文件 => /mnt/user/Hdd_Disk_Share/脚本日志/chmlfrp/userdata.txt
[2026-04-01 21:50:53][INFO] 日志已截断，仅保留最后 1000 行
[2026-04-01 21:50:53][SUCCESS] 读取配置成功：
[2026-04-01 21:50:53][INFO] 日志已截断，仅保留最后 1000 行
[2026-04-01 21:50:53][INFO]   - ChmlFrp: username=ashanzzz, token前5位=E3g7Q...
[2026-04-01 21:50:53][INFO] 日志已截断，仅保留最后 1000 行
[2026-04-01 21:50:53][INFO]   - Cloudflare: email=zeros@vip.qq.qom, token前5位=0Emhd..., zone_id=9635e4672ef9d6cc76f8e624514d3bc8
[2026-04-01 21:50:53][INFO] 日志已截断，仅保留最后 1000 行
[2026-04-01 21:50:53][SUCCESS] 步骤一：读取全局配置完成
[2026-04-01 21:50:53][INFO] 日志已截断，仅保留最后 1000 行
[2026-04-01 21:50:53][INFO] 跳过前置 mtime/在线测试/frpc 日志检查：DNS_ONLY=false, CLEAN_INVALID_ONLY=false, FORCE_RUN=true
[2026-04-01 21:50:53][INFO] 日志已截断，仅保留最后 1000 行
[2026-04-01 21:50:53][INFO] 检查 JSON 文件: /mnt/user/Hdd_Disk_Share/脚本日志/chmlfrp/chmlfrp用户详情.txt
[2026-04-01 21:50:53][INFO] 日志已截断，仅保留最后 1000 行
[2026-04-01 21:50:53][SUCCESS] JSON 文件校验通过: /mnt/user/Hdd_Disk_Share/脚本日志/chmlfrp/chmlfrp用户详情.txt
[2026-04-01 21:50:54][INFO] 日志已截断，仅保留最后 1000 行
[2026-04-01 21:50:54][INFO] 读取 ChmlFrp 用户详情 => /mnt/user/Hdd_Disk_Share/脚本日志/chmlfrp/chmlfrp用户详情.txt
[2026-04-01 21:50:54][INFO] 日志已截断，仅保留最后 1000 行
[2026-04-01 21:50:54][SUCCESS] 解析到用户 ID => CHMLFRP_USERID=7584
[2026-04-01 21:50:54][INFO] 日志已截断，仅保留最后 1000 行
[2026-04-01 21:50:54][SUCCESS] 步骤三：解析 CHMLFRP_USERID 完成 => 7584
[2026-04-01 21:50:54][INFO] 日志已截断，仅保留最后 1000 行
[2026-04-01 21:50:54][INFO] 读取 FRPC 配置 => /mnt/user/appdata/frpc/frpc.toml
[2026-04-01 21:50:54][INFO] 日志已截断，仅保留最后 1000 行
[2026-04-01 21:50:54][INFO] 读取到当前节点 IP => 39.96.176.191
[2026-04-01 21:50:54][INFO] 日志已截断，仅保留最后 1000 行
[2026-04-01 21:50:54][SUCCESS] 步骤四：当前 frpc 节点 IP = 39.96.176.191
[2026-04-01 21:50:54][INFO] 日志已截断，仅保留最后 1000 行
[2026-04-01 21:50:54][INFO] 读取固定隧道配置（新版字段）: /mnt/user/Hdd_Disk_Share/脚本日志/chmlfrp/fixed_tunnels.txt
[2026-04-01 21:50:54][INFO] 日志已截断，仅保留最后 1000 行
[2026-04-01 21:50:54][INFO] 检查 JSON 文件: /mnt/user/Hdd_Disk_Share/脚本日志/chmlfrp/fixed_tunnels.txt
[2026-04-01 21:50:54][INFO] 日志已截断，仅保留最后 1000 行
[2026-04-01 21:50:54][SUCCESS] JSON 文件校验通过: /mnt/user/Hdd_Disk_Share/脚本日志/chmlfrp/fixed_tunnels.txt
[2026-04-01 21:50:54][INFO] 日志已截断，仅保留最后 1000 行
[2026-04-01 21:51:01][SUCCESS] 固定隧道读取完成 => 总数=14 => 标准化输出: /mnt/user/Hdd_Disk_Share/脚本日志/chmlfrp/临时-固定隧道标准化.json
[2026-04-01 21:51:01][INFO] 日志已截断，仅保留最后 1000 行
[2026-04-01 21:51:02][INFO] 固定隧道清单条目数: 14
[2026-04-01 21:51:02][INFO] 日志已截断，仅保留最后 1000 行
[2026-04-01 21:51:02][INFO] 获取 ChmlFrp 隧道列表 => /mnt/user/Hdd_Disk_Share/脚本日志/chmlfrp/chmlfrp隧道列表_raw.json
[2026-04-01 21:51:02][INFO] 日志已截断，仅保留最后 1000 行
[2026-04-01 21:51:02][INFO] 第 1 次尝试获取隧道列表...
[2026-04-01 21:51:02][INFO] 日志已截断，仅保留最后 1000 行
[2026-04-01 21:51:02][WARNING] 获取隧道列表失败 => code=401 => 无效的登录状态 => 重试...
[2026-04-01 21:51:02][INFO] 日志已截断，仅保留最后 1000 行
[2026-04-01 21:51:07][INFO] 第 2 次尝试获取隧道列表...
[2026-04-01 21:51:07][INFO] 日志已截断，仅保留最后 1000 行
[2026-04-01 21:51:08][WARNING] 获取隧道列表失败 => code=401 => 无效的登录状态 => 重试...
[2026-04-01 21:51:08][INFO] 日志已截断，仅保留最后 1000 行
[2026-04-01 21:51:13][INFO] 第 3 次尝试获取隧道列表...
[2026-04-01 21:51:13][INFO] 日志已截断，仅保留最后 1000 行
[2026-04-01 21:51:13][WARNING] 获取隧道列表失败 => code=401 => 无效的登录状态 => 重试...
[2026-04-01 21:51:13][INFO] 日志已截断，仅保留最后 1000 行
[2026-04-01 21:51:18][ERROR] 多次尝试获取隧道列表失败，视为当前无隧道
[2026-04-01 21:51:18][INFO] 日志已截断，仅保留最后 1000 行
[2026-04-01 21:51:18][WARNING] 获取隧道列表失败，将视为当前无隧道
[2026-04-01 21:51:18][INFO] 日志已截断，仅保留最后 1000 行
[2026-04-01 21:51:18][INFO] 当前 ChmlFrp 隧道列表为空 (0 条)
[2026-04-01 21:51:18][INFO] 日志已截断，仅保留最后 1000 行
[2026-04-01 21:51:18][INFO] 获取 Cloudflare DNS 列表 => /mnt/user/Hdd_Disk_Share/脚本日志/chmlfrp/cloudflare_dns_raw.json
[2026-04-01 21:51:18][INFO] 日志已截断，仅保留最后 1000 行
[2026-04-01 21:51:18][INFO] 第 1 次尝试获取 DNS 列表...
[2026-04-01 21:51:19][INFO] 日志已截断，仅保留最后 1000 行
[2026-04-01 21:51:20][SUCCESS] DNS 列表获取成功 => 写入 /mnt/user/Hdd_Disk_Share/脚本日志/chmlfrp/cloudflare_dns_raw.json
[2026-04-01 21:51:20][INFO] 日志已截断，仅保留最后 1000 行
[2026-04-01 21:51:20][INFO] 格式化 DNS 列表 => /mnt/user/Hdd_Disk_Share/脚本日志/chmlfrp/cloudflare_dns_格式化.json
[2026-04-01 21:51:20][INFO] 日志已截断，仅保留最后 1000 行
[2026-04-01 21:51:20][INFO] 格式化 DNS => name=1panel.335356119.xyz => dns_domain_cname=1panel
[2026-04-01 21:51:20][INFO] 日志已截断，仅保留最后 1000 行
[2026-04-01 21:51:20][INFO] 格式化 DNS => name=a.335356119.xyz => dns_domain_cname=a
[2026-04-01 21:51:20][INFO] 日志已截断，仅保留最后 1000 行
[2026-04-01 21:51:20][INFO] 格式化 DNS => name=abook.335356119.xyz => dns_domain_cname=abook
[2026-04-01 21:51:20][INFO] 日志已截断，仅保留最后 1000 行
[2026-04-01 21:51:21][INFO] 格式化 DNS => name=aiapi.335356119.xyz => dns_domain_cname=aiapi
[2026-04-01 21:51:21][INFO] 日志已截断，仅保留最后 1000 行
[2026-04-01 21:51:21][INFO] 格式化 DNS => name=aiweb.335356119.xyz => dns_domain_cname=aiweb
[2026-04-01 21:51:21][INFO] 日志已截断，仅保留最后 1000 行
[2026-04-01 21:51:21][INFO] 格式化 DNS => name=drive.335356119.xyz => dns_domain_cname=drive
[2026-04-01 21:51:21][INFO] 日志已截断，仅保留最后 1000 行
[2026-04-01 21:51:21][INFO] 格式化 DNS => name=dsm.335356119.xyz => dns_domain_cname=dsm
[2026-04-01 21:51:21][INFO] 日志已截断，仅保留最后 1000 行
[2026-04-01 21:51:21][INFO] 格式化 DNS => name=erpnext.335356119.xyz => dns_domain_cname=erpnext
[2026-04-01 21:51:21][INFO] 日志已截断，仅保留最后 1000 行
[2026-04-01 21:51:22][INFO] 格式化 DNS => name=n8n.335356119.xyz => dns_domain_cname=n8n
[2026-04-01 21:51:22][INFO] 日志已截断，仅保留最后 1000 行
[2026-04-01 21:51:22][INFO] 格式化 DNS => name=openclaw.335356119.xyz => dns_domain_cname=openclaw
[2026-04-01 21:51:22][INFO] 日志已截断，仅保留最后 1000 行
[2026-04-01 21:51:22][INFO] 格式化 DNS => name=openlist.335356119.xyz => dns_domain_cname=openlist
[2026-04-01 21:51:22][INFO] 日志已截断，仅保留最后 1000 行
[2026-04-01 21:51:22][INFO] 格式化 DNS => name=sun.335356119.xyz => dns_domain_cname=sun
[2026-04-01 21:51:22][INFO] 日志已截断，仅保留最后 1000 行
[2026-04-01 21:51:23][INFO] 格式化 DNS => name=todo.335356119.xyz => dns_domain_cname=todo
[2026-04-01 21:51:23][INFO] 日志已截断，仅保留最后 1000 行
[2026-04-01 21:51:23][INFO] 格式化 DNS => name=unraid.335356119.xyz => dns_domain_cname=unraid
[2026-04-01 21:51:23][INFO] 日志已截断，仅保留最后 1000 行
[2026-04-01 21:51:23][SUCCESS] DNS 格式化完成 => total=14 => /mnt/user/Hdd_Disk_Share/脚本日志/chmlfrp/cloudflare_dns_格式化.json
[2026-04-01 21:51:23][INFO] 日志已截断，仅保留最后 1000 行
[2026-04-01 21:51:23][SUCCESS] 步骤五：当前状态快照生成完成
[2026-04-01 21:51:23][INFO] 日志已截断，仅保留最后 1000 行
[2026-04-01 21:51:23][INFO] 步骤六：节点策略 => 使用指定节点（--node=[2026-04-01
[2026-04-01 21:51:23][INFO] 日志已截断，仅保留最后 1000 行
[2026-04-01 21:51:23][ERROR] 在节点文件中找不到指定节点名称 => [2026-04-01 21:50:53][ERROR] 没有可用在线节点（nodeinfo online + ping 稳定）
[2026-04-01 21:51:23][INFO] 日志已截断，仅保留最后 1000 行
[2026-04-01 21:51:23][ERROR] 步骤六：指定节点校验失败 => [2026-04-01 21:50:53][ERROR] 没有可用在线节点（nodeinfo online + ping 稳定）
[2026-04-01 21:51:23][INFO] 日志已截断，仅保留最后 1000 行
[2026-04-01 21:52:12][INFO] ========== ChmlFrp 新修复流程脚本启动 ==========
[2026-04-01 21:52:12][INFO] 日志已截断，仅保留最后 1000 行
[2026-04-01 21:52:12][INFO] 脚本路径: /mnt/user/Hdd_Disk_Share/脚本日志/chmlfrp/new_fix_flow.sh
[2026-04-01 21:52:12][INFO] 日志已截断，仅保留最后 1000 行
[2026-04-01 21:52:12][INFO] 当前时间: 2026-04-01 21:52:12, 主机 IP: 192.168.8.11
[2026-04-01 21:52:12][INFO] 日志已截断，仅保留最后 1000 行
[2026-04-01 21:52:12][INFO] 固定隧道文件将使用: /mnt/user/Hdd_Disk_Share/脚本日志/chmlfrp/fixed_tunnels.txt
[2026-04-01 21:52:12][INFO] 日志已截断，仅保留最后 1000 行
[2026-04-01 21:52:12][INFO] 开始读取配置文件 => /mnt/user/Hdd_Disk_Share/脚本日志/chmlfrp/userdata.txt
[2026-04-01 21:52:12][INFO] 日志已截断，仅保留最后 1000 行
[2026-04-01 21:52:13][SUCCESS] 读取配置成功：
[2026-04-01 21:52:13][INFO] 日志已截断，仅保留最后 1000 行
[2026-04-01 21:52:13][INFO]   - ChmlFrp: username=ashanzzz, token前5位=E3g7Q...
[2026-04-01 21:52:13][INFO] 日志已截断，仅保留最后 1000 行
[2026-04-01 21:52:13][INFO]   - Cloudflare: email=zeros@vip.qq.qom, token前5位=0Emhd..., zone_id=9635e4672ef9d6cc76f8e624514d3bc8
[2026-04-01 21:52:13][INFO] 日志已截断，仅保留最后 1000 行
[2026-04-01 21:52:13][SUCCESS] 步骤一：读取全局配置完成
[2026-04-01 21:52:13][INFO] 日志已截断，仅保留最后 1000 行
[2026-04-01 21:52:13][INFO] 跳过前置 mtime/在线测试/frpc 日志检查：DNS_ONLY=false, CLEAN_INVALID_ONLY=false, FORCE_RUN=true
[2026-04-01 21:52:13][INFO] 日志已截断，仅保留最后 1000 行
[2026-04-01 21:52:13][INFO] 检查 JSON 文件: /mnt/user/Hdd_Disk_Share/脚本日志/chmlfrp/chmlfrp用户详情.txt
[2026-04-01 21:52:13][INFO] 日志已截断，仅保留最后 1000 行
[2026-04-01 21:52:13][SUCCESS] JSON 文件校验通过: /mnt/user/Hdd_Disk_Share/脚本日志/chmlfrp/chmlfrp用户详情.txt
[2026-04-01 21:52:13][INFO] 日志已截断，仅保留最后 1000 行
[2026-04-01 21:52:13][INFO] 读取 ChmlFrp 用户详情 => /mnt/user/Hdd_Disk_Share/脚本日志/chmlfrp/chmlfrp用户详情.txt
[2026-04-01 21:52:13][INFO] 日志已截断，仅保留最后 1000 行
[2026-04-01 21:52:13][SUCCESS] 解析到用户 ID => CHMLFRP_USERID=7584
[2026-04-01 21:52:13][INFO] 日志已截断，仅保留最后 1000 行
[2026-04-01 21:52:13][SUCCESS] 步骤三：解析 CHMLFRP_USERID 完成 => 7584
[2026-04-01 21:52:13][INFO] 日志已截断，仅保留最后 1000 行
[2026-04-01 21:52:13][INFO] 读取 FRPC 配置 => /mnt/user/appdata/frpc/frpc.toml
[2026-04-01 21:52:13][INFO] 日志已截断，仅保留最后 1000 行
[2026-04-01 21:52:13][INFO] 读取到当前节点 IP => 39.96.176.191
[2026-04-01 21:52:13][INFO] 日志已截断，仅保留最后 1000 行
[2026-04-01 21:52:13][SUCCESS] 步骤四：当前 frpc 节点 IP = 39.96.176.191
[2026-04-01 21:52:13][INFO] 日志已截断，仅保留最后 1000 行
[2026-04-01 21:52:13][INFO] 读取固定隧道配置（新版字段）: /mnt/user/Hdd_Disk_Share/脚本日志/chmlfrp/fixed_tunnels.txt
[2026-04-01 21:52:13][INFO] 日志已截断，仅保留最后 1000 行
[2026-04-01 21:52:13][INFO] 检查 JSON 文件: /mnt/user/Hdd_Disk_Share/脚本日志/chmlfrp/fixed_tunnels.txt
[2026-04-01 21:52:13][INFO] 日志已截断，仅保留最后 1000 行
[2026-04-01 21:52:14][SUCCESS] JSON 文件校验通过: /mnt/user/Hdd_Disk_Share/脚本日志/chmlfrp/fixed_tunnels.txt
[2026-04-01 21:52:14][INFO] 日志已截断，仅保留最后 1000 行
[2026-04-01 21:52:21][SUCCESS] 固定隧道读取完成 => 总数=14 => 标准化输出: /mnt/user/Hdd_Disk_Share/脚本日志/chmlfrp/临时-固定隧道标准化.json
[2026-04-01 21:52:21][INFO] 日志已截断，仅保留最后 1000 行
[2026-04-01 21:52:21][INFO] 固定隧道清单条目数: 14
[2026-04-01 21:52:21][INFO] 日志已截断，仅保留最后 1000 行
[2026-04-01 21:52:21][INFO] 获取 ChmlFrp 隧道列表 => /mnt/user/Hdd_Disk_Share/脚本日志/chmlfrp/chmlfrp隧道列表_raw.json
[2026-04-01 21:52:21][INFO] 日志已截断，仅保留最后 1000 行
[2026-04-01 21:52:21][INFO] 第 1 次尝试获取隧道列表...
[2026-04-01 21:52:21][INFO] 日志已截断，仅保留最后 1000 行
[2026-04-01 21:52:22][WARNING] 获取隧道列表失败 => code=401 => 无效的登录状态 => 重试...
[2026-04-01 21:52:22][INFO] 日志已截断，仅保留最后 1000 行
[2026-04-01 21:52:27][INFO] 第 2 次尝试获取隧道列表...
[2026-04-01 21:52:27][INFO] 日志已截断，仅保留最后 1000 行
[2026-04-01 21:52:27][WARNING] 获取隧道列表失败 => code=401 => 无效的登录状态 => 重试...
[2026-04-01 21:52:27][INFO] 日志已截断，仅保留最后 1000 行
[2026-04-01 21:52:32][INFO] 第 3 次尝试获取隧道列表...
[2026-04-01 21:52:32][INFO] 日志已截断，仅保留最后 1000 行
[2026-04-01 21:52:33][WARNING] 获取隧道列表失败 => code=401 => 无效的登录状态 => 重试...
[2026-04-01 21:52:33][INFO] 日志已截断，仅保留最后 1000 行
[2026-04-01 21:52:38][ERROR] 多次尝试获取隧道列表失败，视为当前无隧道
[2026-04-01 21:52:38][INFO] 日志已截断，仅保留最后 1000 行
[2026-04-01 21:52:38][WARNING] 获取隧道列表失败，将视为当前无隧道
[2026-04-01 21:52:38][INFO] 日志已截断，仅保留最后 1000 行
[2026-04-01 21:52:38][INFO] 当前 ChmlFrp 隧道列表为空 (0 条)
[2026-04-01 21:52:38][INFO] 日志已截断，仅保留最后 1000 行
[2026-04-01 21:52:38][INFO] 获取 Cloudflare DNS 列表 => /mnt/user/Hdd_Disk_Share/脚本日志/chmlfrp/cloudflare_dns_raw.json
[2026-04-01 21:52:38][INFO] 日志已截断，仅保留最后 1000 行
[2026-04-01 21:52:38][INFO] 第 1 次尝试获取 DNS 列表...
[2026-04-01 21:52:38][INFO] 日志已截断，仅保留最后 1000 行
[2026-04-01 21:52:39][SUCCESS] DNS 列表获取成功 => 写入 /mnt/user/Hdd_Disk_Share/脚本日志/chmlfrp/cloudflare_dns_raw.json
[2026-04-01 21:52:39][INFO] 日志已截断，仅保留最后 1000 行
[2026-04-01 21:52:39][INFO] 格式化 DNS 列表 => /mnt/user/Hdd_Disk_Share/脚本日志/chmlfrp/cloudflare_dns_格式化.json
[2026-04-01 21:52:39][INFO] 日志已截断，仅保留最后 1000 行
[2026-04-01 21:52:40][INFO] 格式化 DNS => name=1panel.335356119.xyz => dns_domain_cname=1panel
[2026-04-01 21:52:40][INFO] 日志已截断，仅保留最后 1000 行
[2026-04-01 21:52:40][INFO] 格式化 DNS => name=a.335356119.xyz => dns_domain_cname=a
[2026-04-01 21:52:40][INFO] 日志已截断，仅保留最后 1000 行
[2026-04-01 21:52:40][INFO] 格式化 DNS => name=abook.335356119.xyz => dns_domain_cname=abook
[2026-04-01 21:52:40][INFO] 日志已截断，仅保留最后 1000 行
[2026-04-01 21:52:40][INFO] 格式化 DNS => name=aiapi.335356119.xyz => dns_domain_cname=aiapi
[2026-04-01 21:52:40][INFO] 日志已截断，仅保留最后 1000 行
[2026-04-01 21:52:40][INFO] 格式化 DNS => name=aiweb.335356119.xyz => dns_domain_cname=aiweb
[2026-04-01 21:52:40][INFO] 日志已截断，仅保留最后 1000 行
[2026-04-01 21:52:41][INFO] 格式化 DNS => name=drive.335356119.xyz => dns_domain_cname=drive
[2026-04-01 21:52:41][INFO] 日志已截断，仅保留最后 1000 行
[2026-04-01 21:52:41][INFO] 格式化 DNS => name=dsm.335356119.xyz => dns_domain_cname=dsm
[2026-04-01 21:52:41][INFO] 日志已截断，仅保留最后 1000 行
[2026-04-01 21:52:41][INFO] 格式化 DNS => name=erpnext.335356119.xyz => dns_domain_cname=erpnext
[2026-04-01 21:52:41][INFO] 日志已截断，仅保留最后 1000 行
[2026-04-01 21:52:41][INFO] 格式化 DNS => name=n8n.335356119.xyz => dns_domain_cname=n8n
[2026-04-01 21:52:41][INFO] 日志已截断，仅保留最后 1000 行
[2026-04-01 21:52:42][INFO] 格式化 DNS => name=openclaw.335356119.xyz => dns_domain_cname=openclaw
[2026-04-01 21:52:42][INFO] 日志已截断，仅保留最后 1000 行
[2026-04-01 21:52:42][INFO] 格式化 DNS => name=openlist.335356119.xyz => dns_domain_cname=openlist
[2026-04-01 21:52:42][INFO] 日志已截断，仅保留最后 1000 行
[2026-04-01 21:52:42][INFO] 格式化 DNS => name=sun.335356119.xyz => dns_domain_cname=sun
[2026-04-01 21:52:42][INFO] 日志已截断，仅保留最后 1000 行
[2026-04-01 21:52:42][INFO] 格式化 DNS => name=todo.335356119.xyz => dns_domain_cname=todo
[2026-04-01 21:52:42][INFO] 日志已截断，仅保留最后 1000 行
[2026-04-01 21:52:42][INFO] 格式化 DNS => name=unraid.335356119.xyz => dns_domain_cname=unraid
[2026-04-01 21:52:42][INFO] 日志已截断，仅保留最后 1000 行
[2026-04-01 21:52:42][SUCCESS] DNS 格式化完成 => total=14 => /mnt/user/Hdd_Disk_Share/脚本日志/chmlfrp/cloudflare_dns_格式化.json
[2026-04-01 21:52:42][INFO] 日志已截断，仅保留最后 1000 行
[2026-04-01 21:52:42][SUCCESS] 步骤五：当前状态快照生成完成
[2026-04-01 21:52:42][INFO] 日志已截断，仅保留最后 1000 行
[2026-04-01 21:52:42][INFO] 步骤六：节点策略 => 使用指定节点（--node=[2026-04-01
[2026-04-01 21:52:43][INFO] 日志已截断，仅保留最后 1000 行
[2026-04-01 21:52:43][ERROR] 在节点文件中找不到指定节点名称 => [2026-04-01 21:52:12][ERROR] 没有可用在线节点（nodeinfo online + ping 稳定）
[2026-04-01 21:52:43][INFO] 日志已截断，仅保留最后 1000 行
[2026-04-01 21:52:43][ERROR] 步骤六：指定节点校验失败 => [2026-04-01 21:52:12][ERROR] 没有可用在线节点（nodeinfo online + ping 稳定）
[2026-04-01 21:52:43][INFO] 日志已截断，仅保留最后 1000 行
[2026-04-01 21:53:33][INFO] ========== ChmlFrp 新修复流程脚本启动 ==========
[2026-04-01 21:53:33][INFO] 日志已截断，仅保留最后 1000 行
[2026-04-01 21:53:33][INFO] 脚本路径: /mnt/user/Hdd_Disk_Share/脚本日志/chmlfrp/new_fix_flow.sh
[2026-04-01 21:53:33][INFO] 日志已截断，仅保留最后 1000 行
[2026-04-01 21:53:33][INFO] 当前时间: 2026-04-01 21:53:33, 主机 IP: 192.168.8.11
[2026-04-01 21:53:33][INFO] 日志已截断，仅保留最后 1000 行
[2026-04-01 21:53:33][INFO] 固定隧道文件将使用: /mnt/user/Hdd_Disk_Share/脚本日志/chmlfrp/fixed_tunnels.txt
[2026-04-01 21:53:33][INFO] 日志已截断，仅保留最后 1000 行
[2026-04-01 21:53:33][INFO] 开始读取配置文件 => /mnt/user/Hdd_Disk_Share/脚本日志/chmlfrp/userdata.txt
[2026-04-01 21:53:33][INFO] 日志已截断，仅保留最后 1000 行
[2026-04-01 21:53:33][SUCCESS] 读取配置成功：
[2026-04-01 21:53:33][INFO] 日志已截断，仅保留最后 1000 行
[2026-04-01 21:53:33][INFO]   - ChmlFrp: username=ashanzzz, token前5位=E3g7Q...
[2026-04-01 21:53:33][INFO] 日志已截断，仅保留最后 1000 行
[2026-04-01 21:53:33][INFO]   - Cloudflare: email=zeros@vip.qq.qom, token前5位=0Emhd..., zone_id=9635e4672ef9d6cc76f8e624514d3bc8
[2026-04-01 21:53:33][INFO] 日志已截断，仅保留最后 1000 行
[2026-04-01 21:53:33][SUCCESS] 步骤一：读取全局配置完成
[2026-04-01 21:53:33][INFO] 日志已截断，仅保留最后 1000 行
[2026-04-01 21:53:33][INFO] 跳过前置 mtime/在线测试/frpc 日志检查：DNS_ONLY=false, CLEAN_INVALID_ONLY=false, FORCE_RUN=true
[2026-04-01 21:53:33][INFO] 日志已截断，仅保留最后 1000 行
[2026-04-01 21:53:33][INFO] 检查 JSON 文件: /mnt/user/Hdd_Disk_Share/脚本日志/chmlfrp/chmlfrp用户详情.txt
[2026-04-01 21:53:33][INFO] 日志已截断，仅保留最后 1000 行
[2026-04-01 21:53:33][SUCCESS] JSON 文件校验通过: /mnt/user/Hdd_Disk_Share/脚本日志/chmlfrp/chmlfrp用户详情.txt
[2026-04-01 21:53:33][INFO] 日志已截断，仅保留最后 1000 行
[2026-04-01 21:53:33][INFO] 读取 ChmlFrp 用户详情 => /mnt/user/Hdd_Disk_Share/脚本日志/chmlfrp/chmlfrp用户详情.txt
[2026-04-01 21:53:33][INFO] 日志已截断，仅保留最后 1000 行
[2026-04-01 21:53:34][SUCCESS] 解析到用户 ID => CHMLFRP_USERID=7584
[2026-04-01 21:53:34][INFO] 日志已截断，仅保留最后 1000 行
[2026-04-01 21:53:34][SUCCESS] 步骤三：解析 CHMLFRP_USERID 完成 => 7584
[2026-04-01 21:53:34][INFO] 日志已截断，仅保留最后 1000 行
[2026-04-01 21:53:34][INFO] 读取 FRPC 配置 => /mnt/user/appdata/frpc/frpc.toml
[2026-04-01 21:53:34][INFO] 日志已截断，仅保留最后 1000 行
[2026-04-01 21:53:34][INFO] 读取到当前节点 IP => 39.96.176.191
[2026-04-01 21:53:34][INFO] 日志已截断，仅保留最后 1000 行
[2026-04-01 21:53:34][SUCCESS] 步骤四：当前 frpc 节点 IP = 39.96.176.191
[2026-04-01 21:53:34][INFO] 日志已截断，仅保留最后 1000 行
[2026-04-01 21:53:34][INFO] 读取固定隧道配置（新版字段）: /mnt/user/Hdd_Disk_Share/脚本日志/chmlfrp/fixed_tunnels.txt
[2026-04-01 21:53:34][INFO] 日志已截断，仅保留最后 1000 行
[2026-04-01 21:53:34][INFO] 检查 JSON 文件: /mnt/user/Hdd_Disk_Share/脚本日志/chmlfrp/fixed_tunnels.txt
[2026-04-01 21:53:34][INFO] 日志已截断，仅保留最后 1000 行
[2026-04-01 21:53:34][SUCCESS] JSON 文件校验通过: /mnt/user/Hdd_Disk_Share/脚本日志/chmlfrp/fixed_tunnels.txt
[2026-04-01 21:53:34][INFO] 日志已截断，仅保留最后 1000 行
[2026-04-01 21:53:41][SUCCESS] 固定隧道读取完成 => 总数=14 => 标准化输出: /mnt/user/Hdd_Disk_Share/脚本日志/chmlfrp/临时-固定隧道标准化.json
[2026-04-01 21:53:41][INFO] 日志已截断，仅保留最后 1000 行
[2026-04-01 21:53:41][INFO] 固定隧道清单条目数: 14
[2026-04-01 21:53:41][INFO] 日志已截断，仅保留最后 1000 行
[2026-04-01 21:53:41][INFO] 获取 ChmlFrp 隧道列表 => /mnt/user/Hdd_Disk_Share/脚本日志/chmlfrp/chmlfrp隧道列表_raw.json
[2026-04-01 21:53:41][INFO] 日志已截断，仅保留最后 1000 行
[2026-04-01 21:53:41][INFO] 第 1 次尝试获取隧道列表...
[2026-04-01 21:53:41][INFO] 日志已截断，仅保留最后 1000 行
[2026-04-01 21:53:42][WARNING] 获取隧道列表失败 => code=401 => 无效的登录状态 => 重试...
[2026-04-01 21:53:42][INFO] 日志已截断，仅保留最后 1000 行
[2026-04-01 21:53:47][INFO] 第 2 次尝试获取隧道列表...
[2026-04-01 21:53:47][INFO] 日志已截断，仅保留最后 1000 行
[2026-04-01 21:53:47][WARNING] 获取隧道列表失败 => code=401 => 无效的登录状态 => 重试...
[2026-04-01 21:53:48][INFO] 日志已截断，仅保留最后 1000 行
[2026-04-01 21:53:53][INFO] 第 3 次尝试获取隧道列表...
[2026-04-01 21:53:53][INFO] 日志已截断，仅保留最后 1000 行
[2026-04-01 21:53:53][WARNING] 获取隧道列表失败 => code=401 => 无效的登录状态 => 重试...
[2026-04-01 21:53:53][INFO] 日志已截断，仅保留最后 1000 行
[2026-04-01 21:53:58][ERROR] 多次尝试获取隧道列表失败，视为当前无隧道
[2026-04-01 21:53:58][INFO] 日志已截断，仅保留最后 1000 行
[2026-04-01 21:53:58][WARNING] 获取隧道列表失败，将视为当前无隧道
[2026-04-01 21:53:58][INFO] 日志已截断，仅保留最后 1000 行
[2026-04-01 21:53:58][INFO] 当前 ChmlFrp 隧道列表为空 (0 条)
[2026-04-01 21:53:58][INFO] 日志已截断，仅保留最后 1000 行
[2026-04-01 21:53:58][INFO] 获取 Cloudflare DNS 列表 => /mnt/user/Hdd_Disk_Share/脚本日志/chmlfrp/cloudflare_dns_raw.json
[2026-04-01 21:53:58][INFO] 日志已截断，仅保留最后 1000 行
[2026-04-01 21:53:58][INFO] 第 1 次尝试获取 DNS 列表...
[2026-04-01 21:53:58][INFO] 日志已截断，仅保留最后 1000 行
[2026-04-01 21:53:59][SUCCESS] DNS 列表获取成功 => 写入 /mnt/user/Hdd_Disk_Share/脚本日志/chmlfrp/cloudflare_dns_raw.json
[2026-04-01 21:53:59][INFO] 日志已截断，仅保留最后 1000 行
[2026-04-01 21:53:59][INFO] 格式化 DNS 列表 => /mnt/user/Hdd_Disk_Share/脚本日志/chmlfrp/cloudflare_dns_格式化.json
[2026-04-01 21:53:59][INFO] 日志已截断，仅保留最后 1000 行
[2026-04-01 21:53:59][INFO] 格式化 DNS => name=1panel.335356119.xyz => dns_domain_cname=1panel
[2026-04-01 21:54:00][INFO] 日志已截断，仅保留最后 1000 行
[2026-04-01 21:54:00][INFO] 格式化 DNS => name=a.335356119.xyz => dns_domain_cname=a
[2026-04-01 21:54:00][INFO] 日志已截断，仅保留最后 1000 行
[2026-04-01 21:54:00][INFO] 格式化 DNS => name=abook.335356119.xyz => dns_domain_cname=abook
[2026-04-01 21:54:00][INFO] 日志已截断，仅保留最后 1000 行
[2026-04-01 21:54:00][INFO] 格式化 DNS => name=aiapi.335356119.xyz => dns_domain_cname=aiapi
[2026-04-01 21:54:00][INFO] 日志已截断，仅保留最后 1000 行
[2026-04-01 21:54:00][INFO] 格式化 DNS => name=aiweb.335356119.xyz => dns_domain_cname=aiweb
[2026-04-01 21:54:00][INFO] 日志已截断，仅保留最后 1000 行
[2026-04-01 21:54:01][INFO] 格式化 DNS => name=drive.335356119.xyz => dns_domain_cname=drive
[2026-04-01 21:54:01][INFO] 日志已截断，仅保留最后 1000 行
[2026-04-01 21:54:01][INFO] 格式化 DNS => name=dsm.335356119.xyz => dns_domain_cname=dsm
[2026-04-01 21:54:01][INFO] 日志已截断，仅保留最后 1000 行
[2026-04-01 21:54:01][INFO] 格式化 DNS => name=erpnext.335356119.xyz => dns_domain_cname=erpnext
[2026-04-01 21:54:01][INFO] 日志已截断，仅保留最后 1000 行
[2026-04-01 21:54:01][INFO] 格式化 DNS => name=n8n.335356119.xyz => dns_domain_cname=n8n
[2026-04-01 21:54:01][INFO] 日志已截断，仅保留最后 1000 行
[2026-04-01 21:54:01][INFO] 格式化 DNS => name=openclaw.335356119.xyz => dns_domain_cname=openclaw
[2026-04-01 21:54:01][INFO] 日志已截断，仅保留最后 1000 行
[2026-04-01 21:54:02][INFO] 格式化 DNS => name=openlist.335356119.xyz => dns_domain_cname=openlist
[2026-04-01 21:54:02][INFO] 日志已截断，仅保留最后 1000 行
[2026-04-01 21:54:02][INFO] 格式化 DNS => name=sun.335356119.xyz => dns_domain_cname=sun
[2026-04-01 21:54:02][INFO] 日志已截断，仅保留最后 1000 行
[2026-04-01 21:54:02][INFO] 格式化 DNS => name=todo.335356119.xyz => dns_domain_cname=todo
[2026-04-01 21:54:02][INFO] 日志已截断，仅保留最后 1000 行
[2026-04-01 21:54:02][INFO] 格式化 DNS => name=unraid.335356119.xyz => dns_domain_cname=unraid
[2026-04-01 21:54:02][INFO] 日志已截断，仅保留最后 1000 行
[2026-04-01 21:54:02][SUCCESS] DNS 格式化完成 => total=14 => /mnt/user/Hdd_Disk_Share/脚本日志/chmlfrp/cloudflare_dns_格式化.json
[2026-04-01 21:54:02][INFO] 日志已截断，仅保留最后 1000 行
[2026-04-01 21:54:02][SUCCESS] 步骤五：当前状态快照生成完成
[2026-04-01 21:54:02][INFO] 日志已截断，仅保留最后 1000 行
[2026-04-01 21:54:02][INFO] 步骤六：节点策略 => 使用指定节点（--node=[2026-04-01
[2026-04-01 21:54:02][INFO] 日志已截断，仅保留最后 1000 行
[2026-04-01 21:54:03][ERROR] 在节点文件中找不到指定节点名称 => [2026-04-01 21:53:32][ERROR] 没有可用在线节点（nodeinfo online + ping 稳定）
[2026-04-01 21:54:03][INFO] 日志已截断，仅保留最后 1000 行
[2026-04-01 21:54:03][ERROR] 步骤六：指定节点校验失败 => [2026-04-01 21:53:32][ERROR] 没有可用在线节点（nodeinfo online + ping 稳定）
[2026-04-01 21:54:03][INFO] 日志已截断，仅保留最后 1000 行
